Archive member included to satisfy reference by file (symbol)

c:/program files (x86)/atmel/studio/7.0/toolchain/arm/arm-gnu-toolchain/bin/../lib/gcc/arm-none-eabi/6.2.1/../../../../arm-none-eabi/lib/thumb/v7e-m\libc.a(lib_a-atoi.o)
                              src/sampler.o (atoi)
c:/program files (x86)/atmel/studio/7.0/toolchain/arm/arm-gnu-toolchain/bin/../lib/gcc/arm-none-eabi/6.2.1/../../../../arm-none-eabi/lib/thumb/v7e-m\libc.a(lib_a-exit.o)
                              c:/program files (x86)/atmel/studio/7.0/toolchain/arm/arm-gnu-toolchain/bin/../lib/gcc/arm-none-eabi/6.2.1/../../../../arm-none-eabi/lib/thumb/v7e-m/crt0.o (exit)
c:/program files (x86)/atmel/studio/7.0/toolchain/arm/arm-gnu-toolchain/bin/../lib/gcc/arm-none-eabi/6.2.1/../../../../arm-none-eabi/lib/thumb/v7e-m\libc.a(lib_a-impure.o)
                              c:/program files (x86)/atmel/studio/7.0/toolchain/arm/arm-gnu-toolchain/bin/../lib/gcc/arm-none-eabi/6.2.1/../../../../arm-none-eabi/lib/thumb/v7e-m\libc.a(lib_a-exit.o) (_global_impure_ptr)
c:/program files (x86)/atmel/studio/7.0/toolchain/arm/arm-gnu-toolchain/bin/../lib/gcc/arm-none-eabi/6.2.1/../../../../arm-none-eabi/lib/thumb/v7e-m\libc.a(lib_a-init.o)
                              c:/program files (x86)/atmel/studio/7.0/toolchain/arm/arm-gnu-toolchain/bin/../lib/gcc/arm-none-eabi/6.2.1/../../../../arm-none-eabi/lib/thumb/v7e-m/crt0.o (__libc_init_array)
c:/program files (x86)/atmel/studio/7.0/toolchain/arm/arm-gnu-toolchain/bin/../lib/gcc/arm-none-eabi/6.2.1/../../../../arm-none-eabi/lib/thumb/v7e-m\libc.a(lib_a-iprintf.o)
                              src/sampler.o (iprintf)
c:/program files (x86)/atmel/studio/7.0/toolchain/arm/arm-gnu-toolchain/bin/../lib/gcc/arm-none-eabi/6.2.1/../../../../arm-none-eabi/lib/thumb/v7e-m\libc.a(lib_a-memset.o)
                              c:/program files (x86)/atmel/studio/7.0/toolchain/arm/arm-gnu-toolchain/bin/../lib/gcc/arm-none-eabi/6.2.1/../../../../arm-none-eabi/lib/thumb/v7e-m/crt0.o (memset)
c:/program files (x86)/atmel/studio/7.0/toolchain/arm/arm-gnu-toolchain/bin/../lib/gcc/arm-none-eabi/6.2.1/../../../../arm-none-eabi/lib/thumb/v7e-m\libc.a(lib_a-setbuf.o)
                              src/sampler.o (setbuf)
c:/program files (x86)/atmel/studio/7.0/toolchain/arm/arm-gnu-toolchain/bin/../lib/gcc/arm-none-eabi/6.2.1/../../../../arm-none-eabi/lib/thumb/v7e-m\libc.a(lib_a-setvbuf.o)
                              c:/program files (x86)/atmel/studio/7.0/toolchain/arm/arm-gnu-toolchain/bin/../lib/gcc/arm-none-eabi/6.2.1/../../../../arm-none-eabi/lib/thumb/v7e-m\libc.a(lib_a-setbuf.o) (setvbuf)
c:/program files (x86)/atmel/studio/7.0/toolchain/arm/arm-gnu-toolchain/bin/../lib/gcc/arm-none-eabi/6.2.1/../../../../arm-none-eabi/lib/thumb/v7e-m\libc.a(lib_a-strtol.o)
                              c:/program files (x86)/atmel/studio/7.0/toolchain/arm/arm-gnu-toolchain/bin/../lib/gcc/arm-none-eabi/6.2.1/../../../../arm-none-eabi/lib/thumb/v7e-m\libc.a(lib_a-atoi.o) (_strtol_r)
c:/program files (x86)/atmel/studio/7.0/toolchain/arm/arm-gnu-toolchain/bin/../lib/gcc/arm-none-eabi/6.2.1/../../../../arm-none-eabi/lib/thumb/v7e-m\libc.a(lib_a-vfiprintf.o)
                              c:/program files (x86)/atmel/studio/7.0/toolchain/arm/arm-gnu-toolchain/bin/../lib/gcc/arm-none-eabi/6.2.1/../../../../arm-none-eabi/lib/thumb/v7e-m\libc.a(lib_a-iprintf.o) (_vfiprintf_r)
c:/program files (x86)/atmel/studio/7.0/toolchain/arm/arm-gnu-toolchain/bin/../lib/gcc/arm-none-eabi/6.2.1/../../../../arm-none-eabi/lib/thumb/v7e-m\libc.a(lib_a-wsetup.o)
                              c:/program files (x86)/atmel/studio/7.0/toolchain/arm/arm-gnu-toolchain/bin/../lib/gcc/arm-none-eabi/6.2.1/../../../../arm-none-eabi/lib/thumb/v7e-m\libc.a(lib_a-vfiprintf.o) (__swsetup_r)
c:/program files (x86)/atmel/studio/7.0/toolchain/arm/arm-gnu-toolchain/bin/../lib/gcc/arm-none-eabi/6.2.1/../../../../arm-none-eabi/lib/thumb/v7e-m\libc.a(lib_a-__call_atexit.o)
                              c:/program files (x86)/atmel/studio/7.0/toolchain/arm/arm-gnu-toolchain/bin/../lib/gcc/arm-none-eabi/6.2.1/../../../../arm-none-eabi/lib/thumb/v7e-m\libc.a(lib_a-exit.o) (__call_exitprocs)
c:/program files (x86)/atmel/studio/7.0/toolchain/arm/arm-gnu-toolchain/bin/../lib/gcc/arm-none-eabi/6.2.1/../../../../arm-none-eabi/lib/thumb/v7e-m\libc.a(lib_a-atexit.o)
                              c:/program files (x86)/atmel/studio/7.0/toolchain/arm/arm-gnu-toolchain/bin/../lib/gcc/arm-none-eabi/6.2.1/../../../../arm-none-eabi/lib/thumb/v7e-m\libc.a(lib_a-__call_atexit.o) (atexit)
c:/program files (x86)/atmel/studio/7.0/toolchain/arm/arm-gnu-toolchain/bin/../lib/gcc/arm-none-eabi/6.2.1/../../../../arm-none-eabi/lib/thumb/v7e-m\libc.a(lib_a-fflush.o)
                              c:/program files (x86)/atmel/studio/7.0/toolchain/arm/arm-gnu-toolchain/bin/../lib/gcc/arm-none-eabi/6.2.1/../../../../arm-none-eabi/lib/thumb/v7e-m\libc.a(lib_a-setvbuf.o) (_fflush_r)
[...]
Memory Configuration

Name             Origin             Length             Attributes
rom              0x00400000         0x00100000         xr
ram              0x20000000         0x00020000         xrw
*default*        0x00000000         0xffffffff

Linker script and memory map

LOAD c:/program files (x86)/atmel/studio/7.0/toolchain/arm/arm-gnu-toolchain/bin/../lib/gcc/arm-none-eabi/6.2.1/thumb/v7e-m/crti.o
LOAD c:/program files (x86)/atmel/studio/7.0/toolchain/arm/arm-gnu-toolchain/bin/../lib/gcc/arm-none-eabi/6.2.1/thumb/v7e-m/crtbegin.o
LOAD c:/program files (x86)/atmel/studio/7.0/toolchain/arm/arm-gnu-toolchain/bin/../lib/gcc/arm-none-eabi/6.2.1/../../../../arm-none-eabi/lib/thumb/v7e-m/crt0.o
LOAD src/ASF/common/services/clock/sam4e/sysclk.o
LOAD src/ASF/common/services/serial/usart_serial.o
LOAD src/ASF/common/utils/interrupt/interrupt_sam_nvic.o
LOAD src/ASF/common/utils/stdio/read.o
LOAD src/ASF/common/utils/stdio/write.o
LOAD src/ASF/sam/boards/sam4e_xplained_pro/init.o
LOAD src/ASF/sam/drivers/dacc/dacc.o
LOAD src/ASF/sam/drivers/dmac/dmac.o
LOAD src/ASF/sam/drivers/ebi/smc/smc.o
LOAD src/ASF/sam/drivers/pio/pio.o
LOAD src/ASF/sam/drivers/pio/pio_handler.o
LOAD src/ASF/sam/drivers/pmc/pmc.o
LOAD src/ASF/sam/drivers/pmc/sleep.o
LOAD src/ASF/sam/drivers/rstc/rstc.o
LOAD src/ASF/sam/drivers/uart/uart.o
LOAD src/ASF/sam/drivers/usart/usart.o
LOAD src/ASF/sam/utils/cmsis/sam4e/source/templates/exceptions.o
LOAD src/ASF/sam/utils/cmsis/sam4e/source/templates/gcc/startup_sam4e.o
LOAD src/ASF/sam/utils/cmsis/sam4e/source/templates/system_sam4e.o
LOAD src/ASF/sam/utils/syscalls/gcc/syscalls.o
LOAD src/sampler.o
START GROUP
LOAD ../src/ASF/thirdparty/CMSIS/Lib/GCC\libarm_cortexM4lf_math_softfp.a
LOAD c:/program files (x86)/atmel/studio/7.0/toolchain/arm/arm-gnu-toolchain/bin/../lib/gcc/arm-none-eabi/6.2.1/../../../../arm-none-eabi/lib/thumb/v7e-m\libm.a
END GROUP
START GROUP
LOAD c:/program files (x86)/atmel/studio/7.0/toolchain/arm/arm-gnu-toolchain/bin/../lib/gcc/arm-none-eabi/6.2.1/thumb/v7e-m\libgcc.a
LOAD c:/program files (x86)/atmel/studio/7.0/toolchain/arm/arm-gnu-toolchain/bin/../lib/gcc/arm-none-eabi/6.2.1/../../../../arm-none-eabi/lib/thumb/v7e-m\libc.a
END GROUP
LOAD c:/program files (x86)/atmel/studio/7.0/toolchain/arm/arm-gnu-toolchain/bin/../lib/gcc/arm-none-eabi/6.2.1/thumb/v7e-m/crtend.o
LOAD c:/program files (x86)/atmel/studio/7.0/toolchain/arm/arm-gnu-toolchain/bin/../lib/gcc/arm-none-eabi/6.2.1/thumb/v7e-m/crtn.o
                0x00003000                __stack_size__ = DEFINED (__stack_size__)?__stack_size__:0x3000
                0x2001fffc                __ram_end__ = ((ORIGIN (ram) + LENGTH (ram)) - 0x4)

.text           0x00400000     0x4968
                0x00400000                . = ALIGN (0x4)
                0x00400000                _sfixed = .
 *(.vectors .vectors.*)
 .vectors       0x00400000       0xf8 src/ASF/sam/utils/cmsis/sam4e/source/templates/gcc/startup_sam4e.o
                0x00400000                exception_table
 *(.text .text.* .gnu.linkonce.t.*)
 .text          0x004000f8       0x6c c:/program files (x86)/atmel/studio/7.0/toolchain/arm/arm-gnu-toolchain/bin/../lib/gcc/arm-none-eabi/6.2.1/thumb/v7e-m/crtbegin.o
 .text.sysclk_init
                0x00400164       0x68 src/ASF/common/services/clock/sam4e/sysclk.o
                0x00400164                sysclk_init
 .text._read    0x004001cc       0x3c src/ASF/common/utils/stdio/read.o
                0x004001cc                _read
 .text._write   0x00400208       0x50 src/ASF/common/utils/stdio/write.o
                0x00400208                _write
 .text.board_init
                0x00400258      0x560 src/ASF/sam/boards/sam4e_xplained_pro/init.o
                0x00400258                board_init
 .text.dacc_reset
                0x004007b8        0x6 src/ASF/sam/drivers/dacc/dacc.o
                0x004007b8                dacc_reset
 .text.dacc_set_transfer_mode
                0x004007be       0x28 src/ASF/sam/drivers/dacc/dacc.o
                0x004007be                dacc_set_transfer_mode
 .text.dacc_write_conversion_data
                0x004007e6        0x4 src/ASF/sam/drivers/dacc/dacc.o
                0x004007e6                dacc_write_conversion_data
 .text.dacc_set_channel_selection
                0x004007ea       0x18 src/ASF/sam/drivers/dacc/dacc.o
                0x004007ea                dacc_set_channel_selection
 *fill*         0x00400802        0x2 
 .text.dacc_set_timing
                0x00400804       0x28 src/ASF/sam/drivers/dacc/dacc.o
                0x00400804                dacc_set_timing
 .text.dacc_enable_channel
                0x0040082c       0x14 src/ASF/sam/drivers/dacc/dacc.o
                0x0040082c                dacc_enable_channel
 .text.dacc_set_analog_control
                0x00400840        0x8 src/ASF/sam/drivers/dacc/dacc.o
                0x00400840                dacc_set_analog_control
 .text.dmac_init
                0x00400848        0xa src/ASF/sam/drivers/dmac/dmac.o
                0x00400848                dmac_init
 .text.dmac_set_priority_mode
                0x00400852        0xc src/ASF/sam/drivers/dmac/dmac.o
                0x00400852                dmac_set_priority_mode
 .text.dmac_enable
                0x0040085e        0x6 src/ASF/sam/drivers/dmac/dmac.o
                0x0040085e                dmac_enable
 .text.dmac_enable_interrupt
                0x00400864        0x4 src/ASF/sam/drivers/dmac/dmac.o
                0x00400864                dmac_enable_interrupt
 .text.dmac_get_status
                0x00400868        0x4 src/ASF/sam/drivers/dmac/dmac.o
                0x00400868                dmac_get_status
 .text.dmac_channel_enable
                0x0040086c        0xa src/ASF/sam/drivers/dmac/dmac.o
                0x0040086c                dmac_channel_enable
 .text.dmac_channel_set_descriptor_addr
                0x00400876        0xc src/ASF/sam/drivers/dmac/dmac.o
                0x00400876                dmac_channel_set_descriptor_addr
 .text.dmac_channel_set_configuration
                0x00400882        0xc src/ASF/sam/drivers/dmac/dmac.o
                0x00400882                dmac_channel_set_configuration
 .text.dmac_channel_multi_buf_transfer_init
                0x0040088e       0x18 src/ASF/sam/drivers/dmac/dmac.o
                0x0040088e                dmac_channel_multi_buf_transfer_init
 .text.smc_set_setup_timing
                0x004008a6        0x6 src/ASF/sam/drivers/ebi/smc/smc.o
                0x004008a6                smc_set_setup_timing
 .text.smc_set_pulse_timing
                0x004008ac        0x8 src/ASF/sam/drivers/ebi/smc/smc.o
                0x004008ac                smc_set_pulse_timing
 .text.smc_set_cycle_timing
                0x004008b4        0x8 src/ASF/sam/drivers/ebi/smc/smc.o
                0x004008b4                smc_set_cycle_timing
 .text.smc_set_mode
                0x004008bc        0x8 src/ASF/sam/drivers/ebi/smc/smc.o
                0x004008bc                smc_set_mode
 .text.pio_get_interrupt_status
                0x004008c4        0x4 src/ASF/sam/drivers/pio/pio.o
                0x004008c4                pio_get_interrupt_status
 .text.pio_get_interrupt_mask
                0x004008c8        0x4 src/ASF/sam/drivers/pio/pio.o
                0x004008c8                pio_get_interrupt_mask
 .text.pio_handler_process
                0x004008cc       0x68 src/ASF/sam/drivers/pio/pio_handler.o
                0x004008cc                pio_handler_process
 .text.PIOA_Handler
                0x00400934       0x14 src/ASF/sam/drivers/pio/pio_handler.o
                0x00400934                PIOA_Handler
 .text.PIOB_Handler
                0x00400948       0x14 src/ASF/sam/drivers/pio/pio_handler.o
                0x00400948                PIOB_Handler
 .text.PIOC_Handler
                0x0040095c       0x14 src/ASF/sam/drivers/pio/pio_handler.o
                0x0040095c                PIOC_Handler
 .text.PIOD_Handler
                0x00400970       0x14 src/ASF/sam/drivers/pio/pio_handler.o
                0x00400970                PIOD_Handler
 .text.PIOE_Handler
                0x00400984       0x14 src/ASF/sam/drivers/pio/pio_handler.o
                0x00400984                PIOE_Handler
 .text.pmc_switch_mck_to_pllack
                0x00400998       0x64 src/ASF/sam/drivers/pmc/pmc.o
                0x00400998                pmc_switch_mck_to_pllack
 .text.pmc_switch_mainck_to_xtal
                0x004009fc       0x54 src/ASF/sam/drivers/pmc/pmc.o
                0x004009fc                pmc_switch_mainck_to_xtal
 .text.pmc_osc_is_ready_mainck
                0x00400a50       0x10 src/ASF/sam/drivers/pmc/pmc.o
                0x00400a50                pmc_osc_is_ready_mainck
 .text.pmc_disable_pllack
                0x00400a60       0x10 src/ASF/sam/drivers/pmc/pmc.o
                0x00400a60                pmc_disable_pllack
 .text.pmc_is_locked_pllack
                0x00400a70       0x10 src/ASF/sam/drivers/pmc/pmc.o
                0x00400a70                pmc_is_locked_pllack
 .text.pmc_enable_periph_clk
                0x00400a80       0x54 src/ASF/sam/drivers/pmc/pmc.o
                0x00400a80                pmc_enable_periph_clk
 .text.rstc_enable_user_reset
                0x00400ad4       0x12 src/ASF/sam/drivers/rstc/rstc.o
                0x00400ad4                rstc_enable_user_reset
 *fill*         0x00400ae6        0x2 
 .text.rstc_start_software_reset
                0x00400ae8        0xc src/ASF/sam/drivers/rstc/rstc.o
                0x00400ae8                rstc_start_software_reset
 .text.uart_init
                0x00400af4       0x38 src/ASF/sam/drivers/uart/uart.o
                0x00400af4                uart_init
 .text.uart_write
                0x00400b2c       0x10 src/ASF/sam/drivers/uart/uart.o
                0x00400b2c                uart_write
 .text.uart_read
                0x00400b3c       0x12 src/ASF/sam/drivers/uart/uart.o
                0x00400b3c                uart_read
 .text.usart_write
                0x00400b4e       0x14 src/ASF/sam/drivers/usart/usart.o
                0x00400b4e                usart_write
 .text.usart_read
                0x00400b62       0x18 src/ASF/sam/drivers/usart/usart.o
                0x00400b62                usart_read
 .text.Dummy_Handler
                0x00400b7a        0x2 src/ASF/sam/utils/cmsis/sam4e/source/templates/exceptions.o
                0x00400b7a                DACC_Handler
                0x00400b7a                DebugMon_Handler
                0x00400b7a                HardFault_Handler
                0x00400b7a                TC2_Handler
                0x00400b7a                SPI_Handler
                0x00400b7a                TWI1_Handler
                0x00400b7a                AFEC1_Handler
                0x00400b7a                PendSV_Handler
                0x00400b7a                NMI_Handler
                0x00400b7a                TC7_Handler
                0x00400b7a                SMC_Handler
                0x00400b7a                USART0_Handler
                0x00400b7a                RTT_Handler
                0x00400b7a                RTC_Handler
                0x00400b7a                UsageFault_Handler
                0x00400b7a                TC6_Handler
                0x00400b7a                WDT_Handler
                0x00400b7a                CAN0_Handler
                0x00400b7a                TC4_Handler
                0x00400b7a                TC1_Handler
                0x00400b7a                HSMCI_Handler
                0x00400b7a                UART1_Handler
                0x00400b7a                TC3_Handler
                0x00400b7a                ARM_Handler
                0x00400b7a                Dummy_Handler
                0x00400b7a                TWI0_Handler
                0x00400b7a                USART1_Handler
                0x00400b7a                AFEC0_Handler
                0x00400b7a                ACC_Handler
                0x00400b7a                PMC_Handler
                0x00400b7a                PWM_Handler
                0x00400b7a                GMAC_Handler
                0x00400b7a                CAN1_Handler
                0x00400b7a                MemManage_Handler
                0x00400b7a                SUPC_Handler
                0x00400b7a                SVC_Handler
                0x00400b7a                TC8_Handler
                0x00400b7a                EFC_Handler
                0x00400b7a                UART0_Handler
                0x00400b7a                UDP_Handler
                0x00400b7a                BusFault_Handler
                0x00400b7a                RSTC_Handler
                0x00400b7a                TC0_Handler
                0x00400b7a                TC5_Handler
                0x00400b7a                AES_Handler
 .text.Reset_Handler
                0x00400b7c       0xc8 src/ASF/sam/utils/cmsis/sam4e/source/templates/gcc/startup_sam4e.o
                0x00400b7c                Reset_Handler
 .text.SystemCoreClockUpdate
                0x00400c44      0x10c src/ASF/sam/utils/cmsis/sam4e/source/templates/system_sam4e.o
                0x00400c44                SystemCoreClockUpdate
 .text.system_init_flash
                0x00400d50       0x74 src/ASF/sam/utils/cmsis/sam4e/source/templates/system_sam4e.o
                0x00400d50                system_init_flash
 .text._sbrk    0x00400dc4       0x38 src/ASF/sam/utils/syscalls/gcc/syscalls.o
                0x00400dc4                _sbrk
 .text._close   0x00400dfc        0x6 src/ASF/sam/utils/syscalls/gcc/syscalls.o
                0x00400dfc                _close
 .text._fstat   0x00400e02        0xa src/ASF/sam/utils/syscalls/gcc/syscalls.o
                0x00400e02                _fstat
 .text._isatty  0x00400e0c        0x4 src/ASF/sam/utils/syscalls/gcc/syscalls.o
                0x00400e0c                _isatty
 .text._lseek   0x00400e10        0x4 src/ASF/sam/utils/syscalls/gcc/syscalls.o
                0x00400e10                _lseek
 .text.usart_serial_putchar
                0x00400e14       0x80 src/sampler.o
 .text.usart_serial_getchar
                0x00400e94       0x88 src/sampler.o
 .text.configure_sram
                0x00400f1c       0x4c src/sampler.o
 .text.start_sampling
                0x00400f68      0x118 src/sampler.o
                0x00400f68                start_sampling
 .text.check_trigger_behavior
                0x00401080       0x48 src/sampler.o
                0x00401080                check_trigger_behavior
 .text.DMAC_Handler
                0x004010c8       0xd0 src/sampler.o
                0x004010c8                DMAC_Handler
 .text.SysTick_Handler
                0x00401198       0x10 src/sampler.o
                0x00401198                SysTick_Handler
 .text.embedded_controller
                0x004011a8      0x1f8 src/sampler.o
                0x004011a8                embedded_controller
 .text.initialize_pins
                0x004013a0      0x280 src/sampler.o
                0x004013a0                initialize_pins
 .text.main     0x00401620      0x258 src/sampler.o
                0x00401620                main
 .text.atoi     0x00401878        0x8 c:/program files (x86)/atmel/studio/7.0/toolchain/arm/arm-gnu-toolchain/bin/../lib/gcc/arm-none-eabi/6.2.1/../../../../arm-none-eabi/lib/thumb/v7e-m\libc.a(lib_a-atoi.o)
                0x00401878                atoi
 .text.__libc_init_array
                0x00401880       0x50 c:/program files (x86)/atmel/studio/7.0/toolchain/arm/arm-gnu-toolchain/bin/../lib/gcc/arm-none-eabi/6.2.1/../../../../arm-none-eabi/lib/thumb/v7e-m\libc.a(lib_a-init.o)
                0x00401880                __libc_init_array
 .text.iprintf  0x004018d0       0x28 c:/program files (x86)/atmel/studio/7.0/toolchain/arm/arm-gnu-toolchain/bin/../lib/gcc/arm-none-eabi/6.2.1/../../../../arm-none-eabi/lib/thumb/v7e-m\libc.a(lib_a-iprintf.o)
                0x004018d0                iprintf
 .text.memset   0x004018f8       0x9c c:/program files (x86)/atmel/studio/7.0/toolchain/arm/arm-gnu-toolchain/bin/../lib/gcc/arm-none-eabi/6.2.1/../../../../arm-none-eabi/lib/thumb/v7e-m\libc.a(lib_a-memset.o)
                0x004018f8                memset
 .text.setbuf   0x00401994       0x10 c:/program files (x86)/atmel/studio/7.0/toolchain/arm/arm-gnu-toolchain/bin/../lib/gcc/arm-none-eabi/6.2.1/../../../../arm-none-eabi/lib/thumb/v7e-m\libc.a(lib_a-setbuf.o)
                0x00401994                setbuf
 .text.setvbuf  0x004019a4      0x14c c:/program files (x86)/atmel/studio/7.0/toolchain/arm/arm-gnu-toolchain/bin/../lib/gcc/arm-none-eabi/6.2.1/../../../../arm-none-eabi/lib/thumb/v7e-m\libc.a(lib_a-setvbuf.o)
                0x004019a4                setvbuf
 .text._strtol_l.isra.0
                0x00401af0      0x128 c:/program files (x86)/atmel/studio/7.0/toolchain/arm/arm-gnu-toolchain/bin/../lib/gcc/arm-none-eabi/6.2.1/../../../../arm-none-eabi/lib/thumb/v7e-m\libc.a(lib_a-strtol.o)
 .text.strtol   0x00401c18       0x2c c:/program files (x86)/atmel/studio/7.0/toolchain/arm/arm-gnu-toolchain/bin/../lib/gcc/arm-none-eabi/6.2.1/../../../../arm-none-eabi/lib/thumb/v7e-m\libc.a(lib_a-strtol.o)
                0x00401c18                strtol
 .text.__sprint_r.part.0
                0x00401c44       0x80 c:/program files (x86)/atmel/studio/7.0/toolchain/arm/arm-gnu-toolchain/bin/../lib/gcc/arm-none-eabi/6.2.1/../../../../arm-none-eabi/lib/thumb/v7e-m\libc.a(lib_a-vfiprintf.o)
 .text._vfiprintf_r
                0x00401cc4      0xc00 c:/program files (x86)/atmel/studio/7.0/toolchain/arm/arm-gnu-toolchain/bin/../lib/gcc/arm-none-eabi/6.2.1/../../../../arm-none-eabi/lib/thumb/v7e-m\libc.a(lib_a-vfiprintf.o)
                0x00401cc4                _vfiprintf_r
 .text.__sbprintf
                0x004028c4       0x6c c:/program files (x86)/atmel/studio/7.0/toolchain/arm/arm-gnu-toolchain/bin/../lib/gcc/arm-none-eabi/6.2.1/../../../../arm-none-eabi/lib/thumb/v7e-m\libc.a(lib_a-vfiprintf.o)
 .text.__swsetup_r
                0x00402930       0xc8 c:/program files (x86)/atmel/studio/7.0/toolchain/arm/arm-gnu-toolchain/bin/../lib/gcc/arm-none-eabi/6.2.1/../../../../arm-none-eabi/lib/thumb/v7e-m\libc.a(lib_a-wsetup.o)
                0x00402930                __swsetup_r
 .text.startup.register_fini
                0x004029f8       0x14 c:/program files (x86)/atmel/studio/7.0/toolchain/arm/arm-gnu-toolchain/bin/../lib/gcc/arm-none-eabi/6.2.1/../../../../arm-none-eabi/lib/thumb/v7e-m\libc.a(lib_a-__call_atexit.o)
 .text.atexit   0x00402a0c        0xc c:/program files (x86)/atmel/studio/7.0/toolchain/arm/arm-gnu-toolchain/bin/../lib/gcc/arm-none-eabi/6.2.1/../../../../arm-none-eabi/lib/thumb/v7e-m\libc.a(lib_a-atexit.o)
                0x00402a0c                atexit
 .text.__sflush_r
                0x00402a18      0x140 c:/program files (x86)/atmel/studio/7.0/toolchain/arm/arm-gnu-toolchain/bin/../lib/gcc/arm-none-eabi/6.2.1/../../../../arm-none-eabi/lib/thumb/v7e-m\libc.a(lib_a-fflush.o)
                0x00402a18                __sflush_r
 .text._fflush_r
                0x00402b58       0x2c c:/program files (x86)/atmel/studio/7.0/toolchain/arm/arm-gnu-toolchain/bin/../lib/gcc/arm-none-eabi/6.2.1/../../../../arm-none-eabi/lib/thumb/v7e-m\libc.a(lib_a-fflush.o)
                0x00402b58                _fflush_r
 .text._cleanup_r
                0x00402b84        0xc c:/program files (x86)/atmel/studio/7.0/toolchain/arm/arm-gnu-toolchain/bin/../lib/gcc/arm-none-eabi/6.2.1/../../../../arm-none-eabi/lib/thumb/v7e-m\libc.a(lib_a-findfp.o)
                0x00402b84                _cleanup_r
 .text.__sinit.part.1
                0x00402b90       0xf0 c:/program files (x86)/atmel/studio/7.0/toolchain/arm/arm-gnu-toolchain/bin/../lib/gcc/arm-none-eabi/6.2.1/../../../../arm-none-eabi/lib/thumb/v7e-m\libc.a(lib_a-findfp.o)
 .text.__sinit  0x00402c80        0xc c:/program files (x86)/atmel/studio/7.0/toolchain/arm/arm-gnu-toolchain/bin/../lib/gcc/arm-none-eabi/6.2.1/../../../../arm-none-eabi/lib/thumb/v7e-m\libc.a(lib_a-findfp.o)
                0x00402c80                __sinit
 .text.__sfp_lock_acquire
                0x00402c8c        0x4 c:/program files (x86)/atmel/studio/7.0/toolchain/arm/arm-gnu-toolchain/bin/../lib/gcc/arm-none-eabi/6.2.1/../../../../arm-none-eabi/lib/thumb/v7e-m\libc.a(lib_a-findfp.o)
                0x00402c8c                __sfp_lock_acquire
 .text.__sfp_lock_release
                0x00402c90        0x4 c:/program files (x86)/atmel/studio/7.0/toolchain/arm/arm-gnu-toolchain/bin/../lib/gcc/arm-none-eabi/6.2.1/../../../../arm-none-eabi/lib/thumb/v7e-m\libc.a(lib_a-findfp.o)
                0x00402c90                __sfp_lock_release
 .text.__libc_fini_array
                0x00402c94       0x34 c:/program files (x86)/atmel/studio/7.0/toolchain/arm/arm-gnu-toolchain/bin/../lib/gcc/arm-none-eabi/6.2.1/../../../../arm-none-eabi/lib/thumb/v7e-m\libc.a(lib_a-fini.o)
                0x00402c94                __libc_fini_array
 .text.__fputwc
                0x00402cc8       0xa0 c:/program files (x86)/atmel/studio/7.0/toolchain/arm/arm-gnu-toolchain/bin/../lib/gcc/arm-none-eabi/6.2.1/../../../../arm-none-eabi/lib/thumb/v7e-m\libc.a(lib_a-fputwc.o)
                0x00402cc8                __fputwc
 .text._fputwc_r
                0x00402d68       0x24 c:/program files (x86)/atmel/studio/7.0/toolchain/arm/arm-gnu-toolchain/bin/../lib/gcc/arm-none-eabi/6.2.1/../../../../arm-none-eabi/lib/thumb/v7e-m\libc.a(lib_a-fputwc.o)
                0x00402d68                _fputwc_r
 .text._malloc_trim_r
                0x00402d8c       0xa0 c:/program files (x86)/atmel/studio/7.0/toolchain/arm/arm-gnu-toolchain/bin/../lib/gcc/arm-none-eabi/6.2.1/../../../../arm-none-eabi/lib/thumb/v7e-m\libc.a(lib_a-freer.o)
                0x00402d8c                _malloc_trim_r
 .text._free_r  0x00402e2c      0x1cc c:/program files (x86)/atmel/studio/7.0/toolchain/arm/arm-gnu-toolchain/bin/../lib/gcc/arm-none-eabi/6.2.1/../../../../arm-none-eabi/lib/thumb/v7e-m\libc.a(lib_a-freer.o)
                0x00402e2c                _free_r
 .text.__sfvwrite_r
                0x00402ff8      0x2f0 c:/program files (x86)/atmel/studio/7.0/toolchain/arm/arm-gnu-toolchain/bin/../lib/gcc/arm-none-eabi/6.2.1/../../../../arm-none-eabi/lib/thumb/v7e-m\libc.a(lib_a-fvwrite.o)
                0x00402ff8                __sfvwrite_r
 .text._fwalk_reent
                0x004032e8       0x54 c:/program files (x86)/atmel/studio/7.0/toolchain/arm/arm-gnu-toolchain/bin/../lib/gcc/arm-none-eabi/6.2.1/../../../../arm-none-eabi/lib/thumb/v7e-m\libc.a(lib_a-fwalk.o)
                0x004032e8                _fwalk_reent
 .text.__locale_mb_cur_max
                0x0040333c       0x1c c:/program files (x86)/atmel/studio/7.0/toolchain/arm/arm-gnu-toolchain/bin/../lib/gcc/arm-none-eabi/6.2.1/../../../../arm-none-eabi/lib/thumb/v7e-m\libc.a(lib_a-locale.o)
                0x0040333c                __locale_mb_cur_max
 .text.__locale_ctype_ptr_l
                0x00403358        0x8 c:/program files (x86)/atmel/studio/7.0/toolchain/arm/arm-gnu-toolchain/bin/../lib/gcc/arm-none-eabi/6.2.1/../../../../arm-none-eabi/lib/thumb/v7e-m\libc.a(lib_a-locale.o)
                0x00403358                __locale_ctype_ptr_l
 .text.__swhatbuf_r
                0x00403360       0x5c c:/program files (x86)/atmel/studio/7.0/toolchain/arm/arm-gnu-toolchain/bin/../lib/gcc/arm-none-eabi/6.2.1/../../../../arm-none-eabi/lib/thumb/v7e-m\libc.a(lib_a-makebuf.o)
                0x00403360                __swhatbuf_r
 .text.__smakebuf_r
                0x004033bc       0x88 c:/program files (x86)/atmel/studio/7.0/toolchain/arm/arm-gnu-toolchain/bin/../lib/gcc/arm-none-eabi/6.2.1/../../../../arm-none-eabi/lib/thumb/v7e-m\libc.a(lib_a-makebuf.o)
                0x004033bc                __smakebuf_r
 .text.malloc   0x00403444       0x10 c:/program files (x86)/atmel/studio/7.0/toolchain/arm/arm-gnu-toolchain/bin/../lib/gcc/arm-none-eabi/6.2.1/../../../../arm-none-eabi/lib/thumb/v7e-m\libc.a(lib_a-malloc.o)
                0x00403444                malloc
 .text._malloc_r
                0x00403454      0x560 c:/program files (x86)/atmel/studio/7.0/toolchain/arm/arm-gnu-toolchain/bin/../lib/gcc/arm-none-eabi/6.2.1/../../../../arm-none-eabi/lib/thumb/v7e-m\libc.a(lib_a-mallocr.o)
                0x00403454                _malloc_r
 .text.__ascii_mbtowc
                0x004039b4       0x2c c:/program files (x86)/atmel/studio/7.0/toolchain/arm/arm-gnu-toolchain/bin/../lib/gcc/arm-none-eabi/6.2.1/../../../../arm-none-eabi/lib/thumb/v7e-m\libc.a(lib_a-mbtowc_r.o)
                0x004039b4                __ascii_mbtowc
 .text          0x004039e0       0xa0 c:/program files (x86)/atmel/studio/7.0/toolchain/arm/arm-gnu-toolchain/bin/../lib/gcc/arm-none-eabi/6.2.1/../../../../arm-none-eabi/lib/thumb/v7e-m\libc.a(lib_a-memchr.o)
                0x004039e0                memchr
 .text          0x00403a80      0x134 c:/program files (x86)/atmel/studio/7.0/toolchain/arm/arm-gnu-toolchain/bin/../lib/gcc/arm-none-eabi/6.2.1/../../../../arm-none-eabi/lib/thumb/v7e-m\libc.a(lib_a-memcpy.o)
                0x00403a80                memcpy
 .text.memmove  0x00403bb4       0xc8 c:/program files (x86)/atmel/studio/7.0/toolchain/arm/arm-gnu-toolchain/bin/../lib/gcc/arm-none-eabi/6.2.1/../../../../arm-none-eabi/lib/thumb/v7e-m\libc.a(lib_a-memmove.o)
                0x00403bb4                memmove
 .text.__malloc_lock
                0x00403c7c        0x4 c:/program files (x86)/atmel/studio/7.0/toolchain/arm/arm-gnu-toolchain/bin/../lib/gcc/arm-none-eabi/6.2.1/../../../../arm-none-eabi/lib/thumb/v7e-m\libc.a(lib_a-mlock.o)
                0x00403c7c                __malloc_lock
 .text.__malloc_unlock
                0x00403c80        0x4 c:/program files (x86)/atmel/studio/7.0/toolchain/arm/arm-gnu-toolchain/bin/../lib/gcc/arm-none-eabi/6.2.1/../../../../arm-none-eabi/lib/thumb/v7e-m\libc.a(lib_a-mlock.o)
                0x00403c80                __malloc_unlock
 .text._realloc_r
                0x00403c84      0x34c c:/program files (x86)/atmel/studio/7.0/toolchain/arm/arm-gnu-toolchain/bin/../lib/gcc/arm-none-eabi/6.2.1/../../../../arm-none-eabi/lib/thumb/v7e-m\libc.a(lib_a-reallocr.o)
                0x00403c84                _realloc_r
 .text._sbrk_r  0x00403fd0       0x24 c:/program files (x86)/atmel/studio/7.0/toolchain/arm/arm-gnu-toolchain/bin/../lib/gcc/arm-none-eabi/6.2.1/../../../../arm-none-eabi/lib/thumb/v7e-m\libc.a(lib_a-sbrkr.o)
                0x00403fd0                _sbrk_r
 .text.__sread  0x00403ff4       0x24 c:/program files (x86)/atmel/studio/7.0/toolchain/arm/arm-gnu-toolchain/bin/../lib/gcc/arm-none-eabi/6.2.1/../../../../arm-none-eabi/lib/thumb/v7e-m\libc.a(lib_a-stdio.o)
                0x00403ff4                __sread
 .text.__swrite
                0x00404018       0x3c c:/program files (x86)/atmel/studio/7.0/toolchain/arm/arm-gnu-toolchain/bin/../lib/gcc/arm-none-eabi/6.2.1/../../../../arm-none-eabi/lib/thumb/v7e-m\libc.a(lib_a-stdio.o)
                0x00404018                __swrite
 .text.__sseek  0x00404054       0x20 c:/program files (x86)/atmel/studio/7.0/toolchain/arm/arm-gnu-toolchain/bin/../lib/gcc/arm-none-eabi/6.2.1/../../../../arm-none-eabi/lib/thumb/v7e-m\libc.a(lib_a-stdio.o)
                0x00404054                __sseek
 .text.__sclose
                0x00404074        0x8 c:/program files (x86)/atmel/studio/7.0/toolchain/arm/arm-gnu-toolchain/bin/../lib/gcc/arm-none-eabi/6.2.1/../../../../arm-none-eabi/lib/thumb/v7e-m\libc.a(lib_a-stdio.o)
                0x00404074                __sclose
 *fill*         0x0040407c        0x4 
 .text          0x00404080       0xdc c:/program files (x86)/atmel/studio/7.0/toolchain/arm/arm-gnu-toolchain/bin/../lib/gcc/arm-none-eabi/6.2.1/../../../../arm-none-eabi/lib/thumb/v7e-m\libc.a(lib_a-strlen.o)
                0x00404080                strlen
 .text.__swbuf_r
                0x0040415c       0xb0 c:/program files (x86)/atmel/studio/7.0/toolchain/arm/arm-gnu-toolchain/bin/../lib/gcc/arm-none-eabi/6.2.1/../../../../arm-none-eabi/lib/thumb/v7e-m\libc.a(lib_a-wbuf.o)
                0x0040415c                __swbuf_r
 .text._wcrtomb_r
                0x0040420c       0x54 c:/program files (x86)/atmel/studio/7.0/toolchain/arm/arm-gnu-toolchain/bin/../lib/gcc/arm-none-eabi/6.2.1/../../../../arm-none-eabi/lib/thumb/v7e-m\libc.a(lib_a-wcrtomb.o)
                0x0040420c                _wcrtomb_r
 .text.__ascii_wctomb
                0x00404260       0x1c c:/program files (x86)/atmel/studio/7.0/toolchain/arm/arm-gnu-toolchain/bin/../lib/gcc/arm-none-eabi/6.2.1/../../../../arm-none-eabi/lib/thumb/v7e-m\libc.a(lib_a-wctomb_r.o)
                0x00404260                __ascii_wctomb
 .text._write_r
                0x0040427c       0x2c c:/program files (x86)/atmel/studio/7.0/toolchain/arm/arm-gnu-toolchain/bin/../lib/gcc/arm-none-eabi/6.2.1/../../../../arm-none-eabi/lib/thumb/v7e-m\libc.a(lib_a-writer.o)
                0x0040427c                _write_r
 .text.__register_exitproc
                0x004042a8       0xa4 c:/program files (x86)/atmel/studio/7.0/toolchain/arm/arm-gnu-toolchain/bin/../lib/gcc/arm-none-eabi/6.2.1/../../../../arm-none-eabi/lib/thumb/v7e-m\libc.a(lib_a-__atexit.o)
                0x004042a8                __register_exitproc
 .text._close_r
                0x0040434c       0x24 c:/program files (x86)/atmel/studio/7.0/toolchain/arm/arm-gnu-toolchain/bin/../lib/gcc/arm-none-eabi/6.2.1/../../../../arm-none-eabi/lib/thumb/v7e-m\libc.a(lib_a-closer.o)
                0x0040434c                _close_r
 .text._fclose_r
                0x00404370       0x80 c:/program files (x86)/atmel/studio/7.0/toolchain/arm/arm-gnu-toolchain/bin/../lib/gcc/arm-none-eabi/6.2.1/../../../../arm-none-eabi/lib/thumb/v7e-m\libc.a(lib_a-fclose.o)
                0x00404370                _fclose_r
 .text._fstat_r
                0x004043f0       0x28 c:/program files (x86)/atmel/studio/7.0/toolchain/arm/arm-gnu-toolchain/bin/../lib/gcc/arm-none-eabi/6.2.1/../../../../arm-none-eabi/lib/thumb/v7e-m\libc.a(lib_a-fstatr.o)
                0x004043f0                _fstat_r
 .text._isatty_r
                0x00404418       0x24 c:/program files (x86)/atmel/studio/7.0/toolchain/arm/arm-gnu-toolchain/bin/../lib/gcc/arm-none-eabi/6.2.1/../../../../arm-none-eabi/lib/thumb/v7e-m\libc.a(lib_a-isattyr.o)
                0x00404418                _isatty_r
 .text._lseek_r
                0x0040443c       0x2c c:/program files (x86)/atmel/studio/7.0/toolchain/arm/arm-gnu-toolchain/bin/../lib/gcc/arm-none-eabi/6.2.1/../../../../arm-none-eabi/lib/thumb/v7e-m\libc.a(lib_a-lseekr.o)
                0x0040443c                _lseek_r
 .text._read_r  0x00404468       0x2c c:/program files (x86)/atmel/studio/7.0/toolchain/arm/arm-gnu-toolchain/bin/../lib/gcc/arm-none-eabi/6.2.1/../../../../arm-none-eabi/lib/thumb/v7e-m\libc.a(lib_a-readr.o)
                0x00404468                _read_r
 .text          0x00404494       0x30 c:/program files (x86)/atmel/studio/7.0/toolchain/arm/arm-gnu-toolchain/bin/../lib/gcc/arm-none-eabi/6.2.1/thumb/v7e-m\libgcc.a(_aeabi_uldivmod.o)
                0x00404494                __aeabi_uldivmod
 .text          0x004044c4      0x2dc c:/program files (x86)/atmel/studio/7.0/toolchain/arm/arm-gnu-toolchain/bin/../lib/gcc/arm-none-eabi/6.2.1/thumb/v7e-m\libgcc.a(_udivmoddi4.o)
                0x004044c4                __udivmoddi4
 .text          0x004047a0        0x4 c:/program files (x86)/atmel/studio/7.0/toolchain/arm/arm-gnu-toolchain/bin/../lib/gcc/arm-none-eabi/6.2.1/thumb/v7e-m\libgcc.a(_dvmd_tls.o)
                0x004047a0                __aeabi_idiv0
                0x004047a0                __aeabi_ldiv0
 *(.glue_7t)
 .glue_7t       0x004047a4        0x0 linker stubs
 *(.glue_7)
 .glue_7        0x004047a4        0x0 linker stubs
 *(.rodata .rodata* .gnu.linkonce.r.*)
 .rodata.embedded_controller.str1.4
                0x004047a4       0x35 src/sampler.o
 *fill*         0x004047d9        0x3 
 .rodata._global_impure_ptr
                0x004047dc        0x4 c:/program files (x86)/atmel/studio/7.0/toolchain/arm/arm-gnu-toolchain/bin/../lib/gcc/arm-none-eabi/6.2.1/../../../../arm-none-eabi/lib/thumb/v7e-m\libc.a(lib_a-impure.o)
                0x004047dc                _global_impure_ptr
 .rodata._vfiprintf_r.str1.4
                0x004047e0       0x2f c:/program files (x86)/atmel/studio/7.0/toolchain/arm/arm-gnu-toolchain/bin/../lib/gcc/arm-none-eabi/6.2.1/../../../../arm-none-eabi/lib/thumb/v7e-m\libc.a(lib_a-vfiprintf.o)
 *fill*         0x0040480f        0x1 
 .rodata.blanks.7202
                0x00404810       0x10 c:/program files (x86)/atmel/studio/7.0/toolchain/arm/arm-gnu-toolchain/bin/../lib/gcc/arm-none-eabi/6.2.1/../../../../arm-none-eabi/lib/thumb/v7e-m\libc.a(lib_a-vfiprintf.o)
 .rodata.zeroes.7203
                0x00404820       0x10 c:/program files (x86)/atmel/studio/7.0/toolchain/arm/arm-gnu-toolchain/bin/../lib/gcc/arm-none-eabi/6.2.1/../../../../arm-none-eabi/lib/thumb/v7e-m\libc.a(lib_a-vfiprintf.o)
 .rodata._setlocale_r.str1.4
                0x00404830        0xa c:/program files (x86)/atmel/studio/7.0/toolchain/arm/arm-gnu-toolchain/bin/../lib/gcc/arm-none-eabi/6.2.1/../../../../arm-none-eabi/lib/thumb/v7e-m\libc.a(lib_a-locale.o)
                                  0xd (size before relaxing)
 *fill*         0x0040483a        0x2 
 .rodata.str1.4
                0x0040483c        0x4 c:/program files (x86)/atmel/studio/7.0/toolchain/arm/arm-gnu-toolchain/bin/../lib/gcc/arm-none-eabi/6.2.1/../../../../arm-none-eabi/lib/thumb/v7e-m\libc.a(lib_a-locale.o)
                                  0x2 (size before relaxing)
 .rodata._ctype_
                0x00404840      0x101 c:/program files (x86)/atmel/studio/7.0/toolchain/arm/arm-gnu-toolchain/bin/../lib/gcc/arm-none-eabi/6.2.1/../../../../arm-none-eabi/lib/thumb/v7e-m\libc.a(lib_a-ctype_.o)
                0x00404840                _ctype_
 *(.ARM.extab* .gnu.linkonce.armextab.*)
                0x00404944                . = ALIGN (0x4)
 *fill*         0x00404941        0x3 
 *(.init)
 .init          0x00404944        0x4 c:/program files (x86)/atmel/studio/7.0/toolchain/arm/arm-gnu-toolchain/bin/../lib/gcc/arm-none-eabi/6.2.1/thumb/v7e-m/crti.o
                0x00404944                _init
 .init          0x00404948        0x8 c:/program files (x86)/atmel/studio/7.0/toolchain/arm/arm-gnu-toolchain/bin/../lib/gcc/arm-none-eabi/6.2.1/thumb/v7e-m/crtn.o
                0x00404950                . = ALIGN (0x4)
                0x00404950                __preinit_array_start = .
 *(.preinit_array)
                0x00404950                __preinit_array_end = .
                0x00404950                . = ALIGN (0x4)
                0x00404950                __init_array_start = .
 *(SORT(.init_array.*))
 .init_array.00000
                0x00404950        0x4 c:/program files (x86)/atmel/studio/7.0/toolchain/arm/arm-gnu-toolchain/bin/../lib/gcc/arm-none-eabi/6.2.1/../../../../arm-none-eabi/lib/thumb/v7e-m\libc.a(lib_a-__call_atexit.o)
 *(.init_array)
 .init_array    0x00404954        0x4 c:/program files (x86)/atmel/studio/7.0/toolchain/arm/arm-gnu-toolchain/bin/../lib/gcc/arm-none-eabi/6.2.1/thumb/v7e-m/crtbegin.o
                0x00404958                __init_array_end = .
                0x00404958                . = ALIGN (0x4)
 *crtbegin.o(.ctors)
 *(EXCLUDE_FILE(*crtend.o) .ctors)
 *(SORT(.ctors.*))
 *crtend.o(.ctors)
                0x00404958                . = ALIGN (0x4)
 *(.fini)
 .fini          0x00404958        0x4 c:/program files (x86)/atmel/studio/7.0/toolchain/arm/arm-gnu-toolchain/bin/../lib/gcc/arm-none-eabi/6.2.1/thumb/v7e-m/crti.o
                0x00404958                _fini
 .fini          0x0040495c        0x8 c:/program files (x86)/atmel/studio/7.0/toolchain/arm/arm-gnu-toolchain/bin/../lib/gcc/arm-none-eabi/6.2.1/thumb/v7e-m/crtn.o
                0x00404964                . = ALIGN (0x4)
                0x00404964                __fini_array_start = .
 *(.fini_array)
 .fini_array    0x00404964        0x4 c:/program files (x86)/atmel/studio/7.0/toolchain/arm/arm-gnu-toolchain/bin/../lib/gcc/arm-none-eabi/6.2.1/thumb/v7e-m/crtbegin.o
 *(SORT(.fini_array.*))
                0x00404968                __fini_array_end = .
 *crtbegin.o(.dtors)
 *(EXCLUDE_FILE(*crtend.o) .dtors)
 *(SORT(.dtors.*))
 *crtend.o(.dtors)
                0x00404968                . = ALIGN (0x4)
                0x00404968                _efixed = .
                [!provide]                PROVIDE (__exidx_start, .)

.vfp11_veneer   0x00404968        0x0
 .vfp11_veneer  0x00404968        0x0 linker stubs

.v4_bx          0x00404968        0x0
 .v4_bx         0x00404968        0x0 linker stubs

.iplt           0x00404968        0x0
 .iplt          0x00404968        0x0 c:/program files (x86)/atmel/studio/7.0/toolchain/arm/arm-gnu-toolchain/bin/../lib/gcc/arm-none-eabi/6.2.1/thumb/v7e-m/crtbegin.o

.ARM.exidx      0x00404968        0x8
 *(.ARM.exidx* .gnu.linkonce.armexidx.*)
 .ARM.exidx     0x00404968        0x8 c:/program files (x86)/atmel/studio/7.0/toolchain/arm/arm-gnu-toolchain/bin/../lib/gcc/arm-none-eabi/6.2.1/thumb/v7e-m\libgcc.a(_udivmoddi4.o)
                [!provide]                PROVIDE (__exidx_end, .)

.eh_frame       0x00404970        0x0
 .eh_frame      0x00404970        0x0 c:/program files (x86)/atmel/studio/7.0/toolchain/arm/arm-gnu-toolchain/bin/../lib/gcc/arm-none-eabi/6.2.1/thumb/v7e-m/crtbegin.o

.rel.dyn        0x00404970        0x0
 .rel.iplt      0x00404970        0x0 c:/program files (x86)/atmel/studio/7.0/toolchain/arm/arm-gnu-toolchain/bin/../lib/gcc/arm-none-eabi/6.2.1/thumb/v7e-m/crtbegin.o

.jcr            0x00404970        0x0
 .jcr           0x00404970        0x0 c:/program files (x86)/atmel/studio/7.0/toolchain/arm/arm-gnu-toolchain/bin/../lib/gcc/arm-none-eabi/6.2.1/thumb/v7e-m/crtbegin.o

.igot.plt       0x00404970        0x0
 .igot.plt      0x00404970        0x0 c:/program files (x86)/atmel/studio/7.0/toolchain/arm/arm-gnu-toolchain/bin/../lib/gcc/arm-none-eabi/6.2.1/thumb/v7e-m/crtbegin.o
                0x00404970                . = ALIGN (0x4)
                0x00404970                _etext = .

.relocate       0x20000000      0x9c4 load address 0x00404970
                0x20000000                . = ALIGN (0x4)
                0x20000000                _srelocate = .
 *(.ramfunc .ramfunc.*)
 *(.data .data.*)
 .data.g_interrupt_enabled
                0x20000000        0x1 src/ASF/common/utils/interrupt/interrupt_sam_nvic.o
                0x20000000                g_interrupt_enabled
 *fill*         0x20000001        0x3 
 .data.SystemCoreClock
                0x20000004        0x4 src/ASF/sam/utils/cmsis/sam4e/source/templates/system_sam4e.o
                0x20000004                SystemCoreClock
 .data.g_dma_buf
                0x20000008        0x4 src/sampler.o
                0x20000008                g_dma_buf
 .data.g_sampledpins_buf
                0x2000000c        0x4 src/sampler.o
                0x2000000c                g_sampledpins_buf
 .data.num_samples_to_sample
                0x20000010        0x4 src/sampler.o
                0x20000010                num_samples_to_sample
 .data.transitionData
                0x20000014        0x4 src/sampler.o
                0x20000014                transitionData
 .data._impure_ptr
                0x20000018        0x4 c:/program files (x86)/atmel/studio/7.0/toolchain/arm/arm-gnu-toolchain/bin/../lib/gcc/arm-none-eabi/6.2.1/../../../../arm-none-eabi/lib/thumb/v7e-m\libc.a(lib_a-impure.o)
                0x20000018                _impure_ptr
 *fill*         0x2000001c        0x4 
 .data.impure_data
                0x20000020      0x428 c:/program files (x86)/atmel/studio/7.0/toolchain/arm/arm-gnu-toolchain/bin/../lib/gcc/arm-none-eabi/6.2.1/../../../../arm-none-eabi/lib/thumb/v7e-m\libc.a(lib_a-impure.o)
 .data.__global_locale
                0x20000448      0x16c c:/program files (x86)/atmel/studio/7.0/toolchain/arm/arm-gnu-toolchain/bin/../lib/gcc/arm-none-eabi/6.2.1/../../../../arm-none-eabi/lib/thumb/v7e-m\libc.a(lib_a-locale.o)
                0x20000448                __global_locale
 .data.__malloc_av_
                0x200005b4      0x408 c:/program files (x86)/atmel/studio/7.0/toolchain/arm/arm-gnu-toolchain/bin/../lib/gcc/arm-none-eabi/6.2.1/../../../../arm-none-eabi/lib/thumb/v7e-m\libc.a(lib_a-mallocr.o)
                0x200005b4                __malloc_av_
 .data.__malloc_sbrk_base
                0x200009bc        0x4 c:/program files (x86)/atmel/studio/7.0/toolchain/arm/arm-gnu-toolchain/bin/../lib/gcc/arm-none-eabi/6.2.1/../../../../arm-none-eabi/lib/thumb/v7e-m\libc.a(lib_a-mallocr.o)
                0x200009bc                __malloc_sbrk_base
 .data.__malloc_trim_threshold
                0x200009c0        0x4 c:/program files (x86)/atmel/studio/7.0/toolchain/arm/arm-gnu-toolchain/bin/../lib/gcc/arm-none-eabi/6.2.1/../../../../arm-none-eabi/lib/thumb/v7e-m\libc.a(lib_a-mallocr.o)
                0x200009c0                __malloc_trim_threshold
                0x200009c4                . = ALIGN (0x4)
                0x200009c4                _erelocate = .

.bss            0x200009c4      0xb4c load address 0x00405334
                0x200009c4                . = ALIGN (0x4)
                0x200009c4                _sbss = .
                0x200009c4                _szero = .
 *(.bss .bss.*)
 .bss           0x200009c4       0x1c c:/program files (x86)/atmel/studio/7.0/toolchain/arm/arm-gnu-toolchain/bin/../lib/gcc/arm-none-eabi/6.2.1/thumb/v7e-m/crtbegin.o
 .bss.gs_interrupt_sources
                0x200009e0       0x70 src/ASF/sam/drivers/pio/pio_handler.o
 .bss.pio_capture_handler
                0x20000a50        0x4 src/ASF/sam/drivers/pio/pio_handler.o
 .bss.heap.6400
                0x20000a54        0x4 src/ASF/sam/utils/syscalls/gcc/syscalls.o
 .bss.g_ul_ms_ticks
                0x20000a58        0x4 src/sampler.o
                0x20000a58                g_ul_ms_ticks
 .bss.g_xfer_done
                0x20000a5c        0x4 src/sampler.o
                0x20000a5c                g_xfer_done
 .bss.state     0x20000a60        0x4 src/sampler.o
                0x20000a60                state
 .bss.__malloc_current_mallinfo
                0x20000a64       0x28 c:/program files (x86)/atmel/studio/7.0/toolchain/arm/arm-gnu-toolchain/bin/../lib/gcc/arm-none-eabi/6.2.1/../../../../arm-none-eabi/lib/thumb/v7e-m\libc.a(lib_a-mallocr.o)
                0x20000a64                __malloc_current_mallinfo
 .bss.__malloc_max_sbrked_mem
                0x20000a8c        0x4 c:/program files (x86)/atmel/studio/7.0/toolchain/arm/arm-gnu-toolchain/bin/../lib/gcc/arm-none-eabi/6.2.1/../../../../arm-none-eabi/lib/thumb/v7e-m\libc.a(lib_a-mallocr.o)
                0x20000a8c                __malloc_max_sbrked_mem
 .bss.__malloc_max_total_mem
                0x20000a90        0x4 c:/program files (x86)/atmel/studio/7.0/toolchain/arm/arm-gnu-toolchain/bin/../lib/gcc/arm-none-eabi/6.2.1/../../../../arm-none-eabi/lib/thumb/v7e-m\libc.a(lib_a-mallocr.o)
                0x20000a90                __malloc_max_total_mem
 .bss.__malloc_top_pad
                0x20000a94        0x4 c:/program files (x86)/atmel/studio/7.0/toolchain/arm/arm-gnu-toolchain/bin/../lib/gcc/arm-none-eabi/6.2.1/../../../../arm-none-eabi/lib/thumb/v7e-m\libc.a(lib_a-mallocr.o)
                0x20000a94                __malloc_top_pad
 *(COMMON)
 COMMON         0x20000a98        0x4 src/ASF/common/utils/stdio/read.o
                0x20000a98                ptr_get
 COMMON         0x20000a9c        0x8 src/ASF/common/utils/stdio/write.o
                0x20000a9c                ptr_put
                0x20000aa0                stdio_base
 COMMON         0x20000aa4        0x4 src/ASF/sam/drivers/pio/pio.o
                0x20000aa4                pio_capture_enable_flag
 COMMON         0x20000aa8      0xa64 src/sampler.o
                0x20000aa8                num_times_in_handler
                0x20000aac                desc1
                0x20000ac0                desc2
                0x20000ad4                swapped
                0x20000ad8                trigger_values
                0x20000af8                waiting_buffers
                0x20000b00                descriptor_pointers
                0x20001500                buffer_number
                0x20001504                output_voltage
                0x20001508                transition_index
 COMMON         0x2000150c        0x4 c:/program files (x86)/atmel/studio/7.0/toolchain/arm/arm-gnu-toolchain/bin/../lib/gcc/arm-none-eabi/6.2.1/../../../../arm-none-eabi/lib/thumb/v7e-m\libc.a(lib_a-reent.o)
                0x2000150c                errno
                0x20001510                . = ALIGN (0x4)
                0x20001510                _ebss = .
                0x20001510                _ezero = .

.stack          0x20001510     0x3000 load address 0x00405e80
                0x20001510                . = ALIGN (0x8)
                0x20001510                _sstack = .
                0x20004510                . = (. + __stack_size__)
 *fill*         0x20001510     0x3000 
                0x20004510                . = ALIGN (0x8)
                0x20004510                _estack = .
                0x20004510                . = ALIGN (0x4)
                0x20004510                _end = .
OUTPUT(SMC_SMC_SRAM_EXAMPLE1.elf elf32-littlearm)

.ARM.attributes
                0x00000000       0x2e
 .ARM.attributes
                0x00000000       0x1e c:/program files (x86)/atmel/studio/7.0/toolchain/arm/arm-gnu-toolchain/bin/../lib/gcc/arm-none-eabi/6.2.1/thumb/v7e-m/crti.o
 .ARM.attributes
                0x0000001e       0x2e c:/program files (x86)/atmel/studio/7.0/toolchain/arm/arm-gnu-toolchain/bin/../lib/gcc/arm-none-eabi/6.2.1/thumb/v7e-m/crtbegin.o
 .ARM.attributes
                0x0000004c       0x37 src/ASF/common/services/clock/sam4e/sysclk.o
 .ARM.attributes
                0x00000083       0x37 src/ASF/common/utils/interrupt/interrupt_sam_nvic.o
 .ARM.attributes
                0x000000ba       0x37 src/ASF/common/utils/stdio/read.o
 .ARM.attributes
                0x000000f1       0x37 src/ASF/common/utils/stdio/write.o
 .ARM.attributes
                0x00000128       0x37 src/ASF/sam/boards/sam4e_xplained_pro/init.o
 .ARM.attributes
                0x0000015f       0x37 src/ASF/sam/drivers/dacc/dacc.o
 .ARM.attributes
                0x00000196       0x37 src/ASF/sam/drivers/dmac/dmac.o
 .ARM.attributes
                0x000001cd       0x37 src/ASF/sam/drivers/ebi/smc/smc.o
 .ARM.attributes
                0x00000204       0x37 src/ASF/sam/drivers/pio/pio.o
 .ARM.attributes
                0x0000023b       0x37 src/ASF/sam/drivers/pio/pio_handler.o
 .ARM.attributes
                0x00000272       0x37 src/ASF/sam/drivers/pmc/pmc.o
 .ARM.attributes
                0x000002a9       0x37 src/ASF/sam/drivers/rstc/rstc.o
 .ARM.attributes
                0x000002e0       0x37 src/ASF/sam/drivers/uart/uart.o
 .ARM.attributes
                0x00000317       0x37 src/ASF/sam/drivers/usart/usart.o
 .ARM.attributes
                0x0000034e       0x37 src/ASF/sam/utils/cmsis/sam4e/source/templates/exceptions.o
 .ARM.attributes
                0x00000385       0x37 src/ASF/sam/utils/cmsis/sam4e/source/templates/gcc/startup_sam4e.o
 .ARM.attributes
                0x000003bc       0x37 src/ASF/sam/utils/cmsis/sam4e/source/templates/system_sam4e.o
 .ARM.attributes
                0x000003f3       0x37 src/ASF/sam/utils/syscalls/gcc/syscalls.o
 .ARM.attributes
                0x0000042a       0x37 src/sampler.o
 .ARM.attributes
                0x00000461       0x2e c:/program files (x86)/atmel/studio/7.0/toolchain/arm/arm-gnu-toolchain/bin/../lib/gcc/arm-none-eabi/6.2.1/../../../../arm-none-eabi/lib/thumb/v7e-m\libc.a(lib_a-atoi.o)
 .ARM.attributes
                0x0000048f       0x2e c:/program files (x86)/atmel/studio/7.0/toolchain/arm/arm-gnu-toolchain/bin/../lib/gcc/arm-none-eabi/6.2.1/../../../../arm-none-eabi/lib/thumb/v7e-m\libc.a(lib_a-impure.o)
 .ARM.attributes
                0x000004bd       0x2e c:/program files (x86)/atmel/studio/7.0/toolchain/arm/arm-gnu-toolchain/bin/../lib/gcc/arm-none-eabi/6.2.1/../../../../arm-none-eabi/lib/thumb/v7e-m\libc.a(lib_a-init.o)
 .ARM.attributes
                0x000004eb       0x2e c:/program files (x86)/atmel/studio/7.0/toolchain/arm/arm-gnu-toolchain/bin/../lib/gcc/arm-none-eabi/6.2.1/../../../../arm-none-eabi/lib/thumb/v7e-m\libc.a(lib_a-iprintf.o)
 .ARM.attributes
                0x00000519       0x2e c:/program files (x86)/atmel/studio/7.0/toolchain/arm/arm-gnu-toolchain/bin/../lib/gcc/arm-none-eabi/6.2.1/../../../../arm-none-eabi/lib/thumb/v7e-m\libc.a(lib_a-memset.o)
 .ARM.attributes
                0x00000547       0x2e c:/program files (x86)/atmel/studio/7.0/toolchain/arm/arm-gnu-toolchain/bin/../lib/gcc/arm-none-eabi/6.2.1/../../../../arm-none-eabi/lib/thumb/v7e-m\libc.a(lib_a-setbuf.o)
 .ARM.attributes
                0x00000575       0x2e c:/program files (x86)/atmel/studio/7.0/toolchain/arm/arm-gnu-toolchain/bin/../lib/gcc/arm-none-eabi/6.2.1/../../../../arm-none-eabi/lib/thumb/v7e-m\libc.a(lib_a-setvbuf.o)
 .ARM.attributes
                0x000005a3       0x2e c:/program files (x86)/atmel/studio/7.0/toolchain/arm/arm-gnu-toolchain/bin/../lib/gcc/arm-none-eabi/6.2.1/../../../../arm-none-eabi/lib/thumb/v7e-m\libc.a(lib_a-strtol.o)
 .ARM.attributes
                0x000005d1       0x2e c:/program files (x86)/atmel/studio/7.0/toolchain/arm/arm-gnu-toolchain/bin/../lib/gcc/arm-none-eabi/6.2.1/../../../../arm-none-eabi/lib/thumb/v7e-m\libc.a(lib_a-vfiprintf.o)
 .ARM.attributes
                0x000005ff       0x2e c:/program files (x86)/atmel/studio/7.0/toolchain/arm/arm-gnu-toolchain/bin/../lib/gcc/arm-none-eabi/6.2.1/../../../../arm-none-eabi/lib/thumb/v7e-m\libc.a(lib_a-wsetup.o)
 .ARM.attributes
                0x0000062d       0x2e c:/program files (x86)/atmel/studio/7.0/toolchain/arm/arm-gnu-toolchain/bin/../lib/gcc/arm-none-eabi/6.2.1/../../../../arm-none-eabi/lib/thumb/v7e-m\libc.a(lib_a-__call_atexit.o)
 .ARM.attributes
                0x0000065b       0x2e c:/program files (x86)/atmel/studio/7.0/toolchain/arm/arm-gnu-toolchain/bin/../lib/gcc/arm-none-eabi/6.2.1/../../../../arm-none-eabi/lib/thumb/v7e-m\libc.a(lib_a-atexit.o)
 .ARM.attributes
                0x00000689       0x2e c:/program files (x86)/atmel/studio/7.0/toolchain/arm/arm-gnu-toolchain/bin/../lib/gcc/arm-none-eabi/6.2.1/../../../../arm-none-eabi/lib/thumb/v7e-m\libc.a(lib_a-fflush.o)
 .ARM.attributes
                0x000006b7       0x2e c:/program files (x86)/atmel/studio/7.0/toolchain/arm/arm-gnu-toolchain/bin/../lib/gcc/arm-none-eabi/6.2.1/../../../../arm-none-eabi/lib/thumb/v7e-m\libc.a(lib_a-findfp.o)
 .ARM.attributes
                0x000006e5       0x2e c:/program files (x86)/atmel/studio/7.0/toolchain/arm/arm-gnu-toolchain/bin/../lib/gcc/arm-none-eabi/6.2.1/../../../../arm-none-eabi/lib/thumb/v7e-m\libc.a(lib_a-fini.o)
 .ARM.attributes
                0x00000713       0x2e c:/program files (x86)/atmel/studio/7.0/toolchain/arm/arm-gnu-toolchain/bin/../lib/gcc/arm-none-eabi/6.2.1/../../../../arm-none-eabi/lib/thumb/v7e-m\libc.a(lib_a-fputwc.o)
 .ARM.attributes
                0x00000741       0x2e c:/program files (x86)/atmel/studio/7.0/toolchain/arm/arm-gnu-toolchain/bin/../lib/gcc/arm-none-eabi/6.2.1/../../../../arm-none-eabi/lib/thumb/v7e-m\libc.a(lib_a-freer.o)
 .ARM.attributes
                0x0000076f       0x2e c:/program files (x86)/atmel/studio/7.0/toolchain/arm/arm-gnu-toolchain/bin/../lib/gcc/arm-none-eabi/6.2.1/../../../../arm-none-eabi/lib/thumb/v7e-m\libc.a(lib_a-fvwrite.o)
 .ARM.attributes
                0x0000079d       0x2e c:/program files (x86)/atmel/studio/7.0/toolchain/arm/arm-gnu-toolchain/bin/../lib/gcc/arm-none-eabi/6.2.1/../../../../arm-none-eabi/lib/thumb/v7e-m\libc.a(lib_a-fwalk.o)
 .ARM.attributes
                0x000007cb       0x2e c:/program files (x86)/atmel/studio/7.0/toolchain/arm/arm-gnu-toolchain/bin/../lib/gcc/arm-none-eabi/6.2.1/../../../../arm-none-eabi/lib/thumb/v7e-m\libc.a(lib_a-locale.o)
 .ARM.attributes
                0x000007f9       0x2e c:/program files (x86)/atmel/studio/7.0/toolchain/arm/arm-gnu-toolchain/bin/../lib/gcc/arm-none-eabi/6.2.1/../../../../arm-none-eabi/lib/thumb/v7e-m\libc.a(lib_a-makebuf.o)
 .ARM.attributes
                0x00000827       0x2e c:/program files (x86)/atmel/studio/7.0/toolchain/arm/arm-gnu-toolchain/bin/../lib/gcc/arm-none-eabi/6.2.1/../../../../arm-none-eabi/lib/thumb/v7e-m\libc.a(lib_a-malloc.o)
 .ARM.attributes
                0x00000855       0x2e c:/program files (x86)/atmel/studio/7.0/toolchain/arm/arm-gnu-toolchain/bin/../lib/gcc/arm-none-eabi/6.2.1/../../../../arm-none-eabi/lib/thumb/v7e-m\libc.a(lib_a-mallocr.o)
 .ARM.attributes
                0x00000883       0x2e c:/program files (x86)/atmel/studio/7.0/toolchain/arm/arm-gnu-toolchain/bin/../lib/gcc/arm-none-eabi/6.2.1/../../../../arm-none-eabi/lib/thumb/v7e-m\libc.a(lib_a-mbtowc_r.o)
 .ARM.attributes
                0x000008b1       0x1c c:/program files (x86)/atmel/studio/7.0/toolchain/arm/arm-gnu-toolchain/bin/../lib/gcc/arm-none-eabi/6.2.1/../../../../arm-none-eabi/lib/thumb/v7e-m\libc.a(lib_a-memchr.o)
 .ARM.attributes
                0x000008cd       0x1c c:/program files (x86)/atmel/studio/7.0/toolchain/arm/arm-gnu-toolchain/bin/../lib/gcc/arm-none-eabi/6.2.1/../../../../arm-none-eabi/lib/thumb/v7e-m\libc.a(lib_a-memcpy.o)
 .ARM.attributes
                0x000008e9       0x2e c:/program files (x86)/atmel/studio/7.0/toolchain/arm/arm-gnu-toolchain/bin/../lib/gcc/arm-none-eabi/6.2.1/../../../../arm-none-eabi/lib/thumb/v7e-m\libc.a(lib_a-memmove.o)
 .ARM.attributes
                0x00000917       0x2e c:/program files (x86)/atmel/studio/7.0/toolchain/arm/arm-gnu-toolchain/bin/../lib/gcc/arm-none-eabi/6.2.1/../../../../arm-none-eabi/lib/thumb/v7e-m\libc.a(lib_a-mlock.o)
 .ARM.attributes
                0x00000945       0x2e c:/program files (x86)/atmel/studio/7.0/toolchain/arm/arm-gnu-toolchain/bin/../lib/gcc/arm-none-eabi/6.2.1/../../../../arm-none-eabi/lib/thumb/v7e-m\libc.a(lib_a-reallocr.o)
 .ARM.attributes
                0x00000973       0x2e c:/program files (x86)/atmel/studio/7.0/toolchain/arm/arm-gnu-toolchain/bin/../lib/gcc/arm-none-eabi/6.2.1/../../../../arm-none-eabi/lib/thumb/v7e-m\libc.a(lib_a-sbrkr.o)
 .ARM.attributes
                0x000009a1       0x2e c:/program files (x86)/atmel/studio/7.0/toolchain/arm/arm-gnu-toolchain/bin/../lib/gcc/arm-none-eabi/6.2.1/../../../../arm-none-eabi/lib/thumb/v7e-m\libc.a(lib_a-stdio.o)
 .ARM.attributes
                0x000009cf       0x1c c:/program files (x86)/atmel/studio/7.0/toolchain/arm/arm-gnu-toolchain/bin/../lib/gcc/arm-none-eabi/6.2.1/../../../../arm-none-eabi/lib/thumb/v7e-m\libc.a(lib_a-strlen.o)
 .ARM.attributes
                0x000009eb       0x2e c:/program files (x86)/atmel/studio/7.0/toolchain/arm/arm-gnu-toolchain/bin/../lib/gcc/arm-none-eabi/6.2.1/../../../../arm-none-eabi/lib/thumb/v7e-m\libc.a(lib_a-wbuf.o)
 .ARM.attributes
                0x00000a19       0x2e c:/program files (x86)/atmel/studio/7.0/toolchain/arm/arm-gnu-toolchain/bin/../lib/gcc/arm-none-eabi/6.2.1/../../../../arm-none-eabi/lib/thumb/v7e-m\libc.a(lib_a-wcrtomb.o)
 .ARM.attributes
                0x00000a47       0x2e c:/program files (x86)/atmel/studio/7.0/toolchain/arm/arm-gnu-toolchain/bin/../lib/gcc/arm-none-eabi/6.2.1/../../../../arm-none-eabi/lib/thumb/v7e-m\libc.a(lib_a-wctomb_r.o)
 .ARM.attributes
                0x00000a75       0x2e c:/program files (x86)/atmel/studio/7.0/toolchain/arm/arm-gnu-toolchain/bin/../lib/gcc/arm-none-eabi/6.2.1/../../../../arm-none-eabi/lib/thumb/v7e-m\libc.a(lib_a-writer.o)
 .ARM.attributes
                0x00000aa3       0x2e c:/program files (x86)/atmel/studio/7.0/toolchain/arm/arm-gnu-toolchain/bin/../lib/gcc/arm-none-eabi/6.2.1/../../../../arm-none-eabi/lib/thumb/v7e-m\libc.a(lib_a-__atexit.o)
 .ARM.attributes
                0x00000ad1       0x2e c:/program files (x86)/atmel/studio/7.0/toolchain/arm/arm-gnu-toolchain/bin/../lib/gcc/arm-none-eabi/6.2.1/../../../../arm-none-eabi/lib/thumb/v7e-m\libc.a(lib_a-closer.o)
 .ARM.attributes
                0x00000aff       0x2e c:/program files (x86)/atmel/studio/7.0/toolchain/arm/arm-gnu-toolchain/bin/../lib/gcc/arm-none-eabi/6.2.1/../../../../arm-none-eabi/lib/thumb/v7e-m\libc.a(lib_a-ctype_.o)
 .ARM.attributes
                0x00000b2d       0x2e c:/program files (x86)/atmel/studio/7.0/toolchain/arm/arm-gnu-toolchain/bin/../lib/gcc/arm-none-eabi/6.2.1/../../../../arm-none-eabi/lib/thumb/v7e-m\libc.a(lib_a-fclose.o)
 .ARM.attributes
                0x00000b5b       0x2e c:/program files (x86)/atmel/studio/7.0/toolchain/arm/arm-gnu-toolchain/bin/../lib/gcc/arm-none-eabi/6.2.1/../../../../arm-none-eabi/lib/thumb/v7e-m\libc.a(lib_a-fstatr.o)
 .ARM.attributes
                0x00000b89       0x2e c:/program files (x86)/atmel/studio/7.0/toolchain/arm/arm-gnu-toolchain/bin/../lib/gcc/arm-none-eabi/6.2.1/../../../../arm-none-eabi/lib/thumb/v7e-m\libc.a(lib_a-isattyr.o)
 .ARM.attributes
                0x00000bb7       0x2e c:/program files (x86)/atmel/studio/7.0/toolchain/arm/arm-gnu-toolchain/bin/../lib/gcc/arm-none-eabi/6.2.1/../../../../arm-none-eabi/lib/thumb/v7e-m\libc.a(lib_a-lseekr.o)
 .ARM.attributes
                0x00000be5       0x2e c:/program files (x86)/atmel/studio/7.0/toolchain/arm/arm-gnu-toolchain/bin/../lib/gcc/arm-none-eabi/6.2.1/../../../../arm-none-eabi/lib/thumb/v7e-m\libc.a(lib_a-readr.o)
 .ARM.attributes
                0x00000c13       0x2e c:/program files (x86)/atmel/studio/7.0/toolchain/arm/arm-gnu-toolchain/bin/../lib/gcc/arm-none-eabi/6.2.1/../../../../arm-none-eabi/lib/thumb/v7e-m\libc.a(lib_a-reent.o)
 .ARM.attributes
                0x00000c41       0x1e c:/program files (x86)/atmel/studio/7.0/toolchain/arm/arm-gnu-toolchain/bin/../lib/gcc/arm-none-eabi/6.2.1/thumb/v7e-m\libgcc.a(_aeabi_uldivmod.o)
 .ARM.attributes
                0x00000c5f       0x2e c:/program files (x86)/atmel/studio/7.0/toolchain/arm/arm-gnu-toolchain/bin/../lib/gcc/arm-none-eabi/6.2.1/thumb/v7e-m\libgcc.a(_udivmoddi4.o)
 .ARM.attributes
                0x00000c8d       0x1e c:/program files (x86)/atmel/studio/7.0/toolchain/arm/arm-gnu-toolchain/bin/../lib/gcc/arm-none-eabi/6.2.1/thumb/v7e-m\libgcc.a(_dvmd_tls.o)
 .ARM.attributes
                0x00000cab       0x1e c:/program files (x86)/atmel/studio/7.0/toolchain/arm/arm-gnu-toolchain/bin/../lib/gcc/arm-none-eabi/6.2.1/thumb/v7e-m/crtn.o

.comment        0x00000000       0x59
 .comment       0x00000000       0x59 src/ASF/common/services/clock/sam4e/sysclk.o
                                 0x5a (size before relaxing)
 .comment       0x00000059       0x5a src/ASF/common/utils/interrupt/interrupt_sam_nvic.o
 .comment       0x00000059       0x5a src/ASF/common/utils/stdio/read.o
 .comment       0x00000059       0x5a src/ASF/common/utils/stdio/write.o
 .comment       0x00000059       0x5a src/ASF/sam/boards/sam4e_xplained_pro/init.o
 .comment       0x00000059       0x5a src/ASF/sam/drivers/dacc/dacc.o
 .comment       0x00000059       0x5a src/ASF/sam/drivers/dmac/dmac.o
 .comment       0x00000059       0x5a src/ASF/sam/drivers/ebi/smc/smc.o
 .comment       0x00000059       0x5a src/ASF/sam/drivers/pio/pio.o
 .comment       0x00000059       0x5a src/ASF/sam/drivers/pio/pio_handler.o
 .comment       0x00000059       0x5a src/ASF/sam/drivers/pmc/pmc.o
 .comment       0x00000059       0x5a src/ASF/sam/drivers/rstc/rstc.o
 .comment       0x00000059       0x5a src/ASF/sam/drivers/uart/uart.o
 .comment       0x00000059       0x5a src/ASF/sam/drivers/usart/usart.o
 .comment       0x00000059       0x5a src/ASF/sam/utils/cmsis/sam4e/source/templates/exceptions.o
 .comment       0x00000059       0x5a src/ASF/sam/utils/cmsis/sam4e/source/templates/gcc/startup_sam4e.o
 .comment       0x00000059       0x5a src/ASF/sam/utils/cmsis/sam4e/source/templates/system_sam4e.o
 .comment       0x00000059       0x5a src/ASF/sam/utils/syscalls/gcc/syscalls.o
 .comment       0x00000059       0x5a src/sampler.o

.debug_info     0x00000000    0x190ce
 .debug_info    0x00000000     0x12a4 src/ASF/common/services/clock/sam4e/sysclk.o
 .debug_info    0x000012a4      0xaf5 src/ASF/common/utils/interrupt/interrupt_sam_nvic.o
 .debug_info    0x00001d99      0xabd src/ASF/common/utils/stdio/read.o
 .debug_info    0x00002856      0xaba src/ASF/common/utils/stdio/write.o
 .debug_info    0x00003310     0x2fb7 src/ASF/sam/boards/sam4e_xplained_pro/init.o
 .debug_info    0x000062c7     0x113a src/ASF/sam/drivers/dacc/dacc.o
 .debug_info    0x00007401     0x1700 src/ASF/sam/drivers/dmac/dmac.o
 .debug_info    0x00008b01      0xce2 src/ASF/sam/drivers/ebi/smc/smc.o
 .debug_info    0x000097e3     0x2249 src/ASF/sam/drivers/pio/pio.o
 .debug_info    0x0000ba2c     0x19ab src/ASF/sam/drivers/pio/pio_handler.o
 .debug_info    0x0000d3d7     0x1903 src/ASF/sam/drivers/pmc/pmc.o
 .debug_info    0x0000ecda      0xc27 src/ASF/sam/drivers/rstc/rstc.o
 .debug_info    0x0000f901     0x11a4 src/ASF/sam/drivers/uart/uart.o
 .debug_info    0x00010aa5     0x2030 src/ASF/sam/drivers/usart/usart.o
 .debug_info    0x00012ad5       0xdc src/ASF/sam/utils/cmsis/sam4e/source/templates/exceptions.o
 .debug_info    0x00012bb1     0x1236 src/ASF/sam/utils/cmsis/sam4e/source/templates/gcc/startup_sam4e.o
 .debug_info    0x00013de7      0x495 src/ASF/sam/utils/cmsis/sam4e/source/templates/system_sam4e.o
 .debug_info    0x0001427c      0xda4 src/ASF/sam/utils/syscalls/gcc/syscalls.o
 .debug_info    0x00015020     0x40ae src/sampler.o

.debug_abbrev   0x00000000     0x3353
 .debug_abbrev  0x00000000      0x32c src/ASF/common/services/clock/sam4e/sysclk.o
 .debug_abbrev  0x0000032c      0x212 src/ASF/common/utils/interrupt/interrupt_sam_nvic.o
 .debug_abbrev  0x0000053e      0x1fe src/ASF/common/utils/stdio/read.o
 .debug_abbrev  0x0000073c      0x1e9 src/ASF/common/utils/stdio/write.o
 .debug_abbrev  0x00000925      0x2e4 src/ASF/sam/boards/sam4e_xplained_pro/init.o
 .debug_abbrev  0x00000c09      0x29e src/ASF/sam/drivers/dacc/dacc.o
 .debug_abbrev  0x00000ea7      0x35d src/ASF/sam/drivers/dmac/dmac.o
 .debug_abbrev  0x00001204      0x205 src/ASF/sam/drivers/ebi/smc/smc.o
 .debug_abbrev  0x00001409      0x3ff src/ASF/sam/drivers/pio/pio.o
 .debug_abbrev  0x00001808      0x368 src/ASF/sam/drivers/pio/pio_handler.o
 .debug_abbrev  0x00001b70      0x315 src/ASF/sam/drivers/pmc/pmc.o
 .debug_abbrev  0x00001e85      0x207 src/ASF/sam/drivers/rstc/rstc.o
 .debug_abbrev  0x0000208c      0x288 src/ASF/sam/drivers/uart/uart.o
 .debug_abbrev  0x00002314      0x406 src/ASF/sam/drivers/usart/usart.o
 .debug_abbrev  0x0000271a       0x7d src/ASF/sam/utils/cmsis/sam4e/source/templates/exceptions.o
 .debug_abbrev  0x00002797      0x2ae src/ASF/sam/utils/cmsis/sam4e/source/templates/gcc/startup_sam4e.o
 .debug_abbrev  0x00002a45      0x102 src/ASF/sam/utils/cmsis/sam4e/source/templates/system_sam4e.o
 .debug_abbrev  0x00002b47      0x264 src/ASF/sam/utils/syscalls/gcc/syscalls.o
 .debug_abbrev  0x00002dab      0x5a8 src/sampler.o

.debug_loc      0x00000000     0x5712
 .debug_loc     0x00000000      0x1c0 src/ASF/common/services/clock/sam4e/sysclk.o
 .debug_loc     0x000001c0       0xb3 src/ASF/common/utils/stdio/read.o
 .debug_loc     0x00000273      0x12b src/ASF/common/utils/stdio/write.o
 .debug_loc     0x0000039e      0x907 src/ASF/sam/boards/sam4e_xplained_pro/init.o
 .debug_loc     0x00000ca5      0x39c src/ASF/sam/drivers/dacc/dacc.o
 .debug_loc     0x00001041      0x7b4 src/ASF/sam/drivers/dmac/dmac.o
 .debug_loc     0x000017f5       0xe7 src/ASF/sam/drivers/ebi/smc/smc.o
 .debug_loc     0x000018dc      0xdef src/ASF/sam/drivers/pio/pio.o
 .debug_loc     0x000026cb      0x589 src/ASF/sam/drivers/pio/pio_handler.o
 .debug_loc     0x00002c54      0x9c6 src/ASF/sam/drivers/pmc/pmc.o
 .debug_loc     0x0000361a      0x104 src/ASF/sam/drivers/rstc/rstc.o
 .debug_loc     0x0000371e      0x241 src/ASF/sam/drivers/uart/uart.o
 .debug_loc     0x0000395f      0xe59 src/ASF/sam/drivers/usart/usart.o
 .debug_loc     0x000047b8       0x77 src/ASF/sam/utils/cmsis/sam4e/source/templates/gcc/startup_sam4e.o
 .debug_loc     0x0000482f       0xfd src/ASF/sam/utils/syscalls/gcc/syscalls.o
 .debug_loc     0x0000492c      0xde6 src/sampler.o

.debug_aranges  0x00000000      0xb60
 .debug_aranges
                0x00000000       0x40 src/ASF/common/services/clock/sam4e/sysclk.o
 .debug_aranges
                0x00000040       0x28 src/ASF/common/utils/interrupt/interrupt_sam_nvic.o
 .debug_aranges
                0x00000068       0x20 src/ASF/common/utils/stdio/read.o
 .debug_aranges
                0x00000088       0x20 src/ASF/common/utils/stdio/write.o
 .debug_aranges
                0x000000a8       0x20 src/ASF/sam/boards/sam4e_xplained_pro/init.o
 .debug_aranges
                0x000000c8       0xb8 src/ASF/sam/drivers/dacc/dacc.o
 .debug_aranges
                0x00000180      0x108 src/ASF/sam/drivers/dmac/dmac.o
 .debug_aranges
                0x00000288       0x50 src/ASF/sam/drivers/ebi/smc/smc.o
 .debug_aranges
                0x000002d8      0x1a8 src/ASF/sam/drivers/pio/pio.o
 .debug_aranges
                0x00000480       0x68 src/ASF/sam/drivers/pio/pio_handler.o
 .debug_aranges
                0x000004e8      0x1d8 src/ASF/sam/drivers/pmc/pmc.o
 .debug_aranges
                0x000006c0       0x60 src/ASF/sam/drivers/rstc/rstc.o
 .debug_aranges
                0x00000720       0xe8 src/ASF/sam/drivers/uart/uart.o
 .debug_aranges
                0x00000808      0x210 src/ASF/sam/drivers/usart/usart.o
 .debug_aranges
                0x00000a18       0x20 src/ASF/sam/utils/cmsis/sam4e/source/templates/exceptions.o
 .debug_aranges
                0x00000a38       0x20 src/ASF/sam/utils/cmsis/sam4e/source/templates/gcc/startup_sam4e.o
 .debug_aranges
                0x00000a58       0x30 src/ASF/sam/utils/cmsis/sam4e/source/templates/system_sam4e.o
 .debug_aranges
                0x00000a88       0x60 src/ASF/sam/utils/syscalls/gcc/syscalls.o
 .debug_aranges
                0x00000ae8       0x78 src/sampler.o

.debug_ranges   0x00000000      0xac8
 .debug_ranges  0x00000000       0x30 src/ASF/common/services/clock/sam4e/sysclk.o
 .debug_ranges  0x00000030       0x18 src/ASF/common/utils/interrupt/interrupt_sam_nvic.o
 .debug_ranges  0x00000048       0x10 src/ASF/common/utils/stdio/read.o
 .debug_ranges  0x00000058       0x10 src/ASF/common/utils/stdio/write.o
 .debug_ranges  0x00000068       0x10 src/ASF/sam/boards/sam4e_xplained_pro/init.o
 .debug_ranges  0x00000078       0xa8 src/ASF/sam/drivers/dacc/dacc.o
 .debug_ranges  0x00000120       0xf8 src/ASF/sam/drivers/dmac/dmac.o
 .debug_ranges  0x00000218       0x40 src/ASF/sam/drivers/ebi/smc/smc.o
 .debug_ranges  0x00000258      0x1b0 src/ASF/sam/drivers/pio/pio.o
 .debug_ranges  0x00000408       0x70 src/ASF/sam/drivers/pio/pio_handler.o
 .debug_ranges  0x00000478      0x1c8 src/ASF/sam/drivers/pmc/pmc.o
 .debug_ranges  0x00000640       0x50 src/ASF/sam/drivers/rstc/rstc.o
 .debug_ranges  0x00000690       0xd8 src/ASF/sam/drivers/uart/uart.o
 .debug_ranges  0x00000768      0x200 src/ASF/sam/drivers/usart/usart.o
 .debug_ranges  0x00000968       0x10 src/ASF/sam/utils/cmsis/sam4e/source/templates/exceptions.o
 .debug_ranges  0x00000978       0x10 src/ASF/sam/utils/cmsis/sam4e/source/templates/gcc/startup_sam4e.o
 .debug_ranges  0x00000988       0x20 src/ASF/sam/utils/cmsis/sam4e/source/templates/system_sam4e.o
 .debug_ranges  0x000009a8       0x50 src/ASF/sam/utils/syscalls/gcc/syscalls.o
 .debug_ranges  0x000009f8       0xd0 src/sampler.o

.debug_macro    0x00000000    0x189c5
 .debug_macro   0x00000000      0x60e src/ASF/common/services/clock/sam4e/sysclk.o
 .debug_macro   0x0000060e      0x8c8 src/ASF/common/services/clock/sam4e/sysclk.o
 .debug_macro   0x00000ed6      0x64b src/ASF/common/services/clock/sam4e/sysclk.o
 .debug_macro   0x00001521       0x34 src/ASF/common/services/clock/sam4e/sysclk.o
 .debug_macro   0x00001555      0x16d src/ASF/common/services/clock/sam4e/sysclk.o
 .debug_macro   0x000016c2       0x76 src/ASF/common/services/clock/sam4e/sysclk.o
 .debug_macro   0x00001738       0x16 src/ASF/common/services/clock/sam4e/sysclk.o
 .debug_macro   0x0000174e      0x6e4 src/ASF/common/services/clock/sam4e/sysclk.o
 .debug_macro   0x00001e32       0x22 src/ASF/common/services/clock/sam4e/sysclk.o
 .debug_macro   0x00001e54       0x87 src/ASF/common/services/clock/sam4e/sysclk.o
 .debug_macro   0x00001edb       0x51 src/ASF/common/services/clock/sam4e/sysclk.o
 .debug_macro   0x00001f2c       0xef src/ASF/common/services/clock/sam4e/sysclk.o
 .debug_macro   0x0000201b       0x6a src/ASF/common/services/clock/sam4e/sysclk.o
 .debug_macro   0x00002085      0x1df src/ASF/common/services/clock/sam4e/sysclk.o
 .debug_macro   0x00002264       0x27 src/ASF/common/services/clock/sam4e/sysclk.o
 .debug_macro   0x0000228b       0x3b src/ASF/common/services/clock/sam4e/sysclk.o
 .debug_macro   0x000022c6       0x2d src/ASF/common/services/clock/sam4e/sysclk.o
 .debug_macro   0x000022f3       0x26 src/ASF/common/services/clock/sam4e/sysclk.o
 .debug_macro   0x00002319      0xd39 src/ASF/common/services/clock/sam4e/sysclk.o
 .debug_macro   0x00003052      0x159 src/ASF/common/services/clock/sam4e/sysclk.o
 .debug_macro   0x000031ab      0x196 src/ASF/common/services/clock/sam4e/sysclk.o
 .debug_macro   0x00003341      0xbf6 src/ASF/common/services/clock/sam4e/sysclk.o
 .debug_macro   0x00003f37      0x53f src/ASF/common/services/clock/sam4e/sysclk.o
 .debug_macro   0x00004476      0x197 src/ASF/common/services/clock/sam4e/sysclk.o
 .debug_macro   0x0000460d      0x11e src/ASF/common/services/clock/sam4e/sysclk.o
 .debug_macro   0x0000472b      0x432 src/ASF/common/services/clock/sam4e/sysclk.o
 .debug_macro   0x00004b5d      0x54a src/ASF/common/services/clock/sam4e/sysclk.o
 .debug_macro   0x000050a7      0x106 src/ASF/common/services/clock/sam4e/sysclk.o
 .debug_macro   0x000051ad      0xa74 src/ASF/common/services/clock/sam4e/sysclk.o
 .debug_macro   0x00005c21       0x1c src/ASF/common/services/clock/sam4e/sysclk.o
 .debug_macro   0x00005c3d      0x73f src/ASF/common/services/clock/sam4e/sysclk.o
 .debug_macro   0x0000637c      0x457 src/ASF/common/services/clock/sam4e/sysclk.o
 .debug_macro   0x000067d3       0xbe src/ASF/common/services/clock/sam4e/sysclk.o
 .debug_macro   0x00006891     0x28b3 src/ASF/common/services/clock/sam4e/sysclk.o
 .debug_macro   0x00009144      0x83d src/ASF/common/services/clock/sam4e/sysclk.o
 .debug_macro   0x00009981      0xb98 src/ASF/common/services/clock/sam4e/sysclk.o
 .debug_macro   0x0000a519       0x9a src/ASF/common/services/clock/sam4e/sysclk.o
 .debug_macro   0x0000a5b3       0x76 src/ASF/common/services/clock/sam4e/sysclk.o
 .debug_macro   0x0000a629      0x3d8 src/ASF/common/services/clock/sam4e/sysclk.o
 .debug_macro   0x0000aa01       0x64 src/ASF/common/services/clock/sam4e/sysclk.o
 .debug_macro   0x0000aa65      0x1ae src/ASF/common/services/clock/sam4e/sysclk.o
 .debug_macro   0x0000ac13      0x386 src/ASF/common/services/clock/sam4e/sysclk.o
 .debug_macro   0x0000af99      0x707 src/ASF/common/services/clock/sam4e/sysclk.o
 .debug_macro   0x0000b6a0      0x6fe src/ASF/common/services/clock/sam4e/sysclk.o
 .debug_macro   0x0000bd9e      0x381 src/ASF/common/services/clock/sam4e/sysclk.o
 .debug_macro   0x0000c11f      0x2aa src/ASF/common/services/clock/sam4e/sysclk.o
 .debug_macro   0x0000c3c9      0x2d6 src/ASF/common/services/clock/sam4e/sysclk.o
 .debug_macro   0x0000c69f      0x6bc src/ASF/common/services/clock/sam4e/sysclk.o
 .debug_macro   0x0000cd5b       0x76 src/ASF/common/services/clock/sam4e/sysclk.o
 .debug_macro   0x0000cdd1      0x2e9 src/ASF/common/services/clock/sam4e/sysclk.o
 .debug_macro   0x0000d0ba       0x46 src/ASF/common/services/clock/sam4e/sysclk.o
 .debug_macro   0x0000d100      0x225 src/ASF/common/services/clock/sam4e/sysclk.o
 .debug_macro   0x0000d325      0x225 src/ASF/common/services/clock/sam4e/sysclk.o
 .debug_macro   0x0000d54a      0x287 src/ASF/common/services/clock/sam4e/sysclk.o
 .debug_macro   0x0000d7d1       0x88 src/ASF/common/services/clock/sam4e/sysclk.o
 .debug_macro   0x0000d859       0x82 src/ASF/common/services/clock/sam4e/sysclk.o
 .debug_macro   0x0000d8db       0xb8 src/ASF/common/services/clock/sam4e/sysclk.o
 .debug_macro   0x0000d993       0x52 src/ASF/common/services/clock/sam4e/sysclk.o
 .debug_macro   0x0000d9e5       0x88 src/ASF/common/services/clock/sam4e/sysclk.o
 .debug_macro   0x0000da6d      0x1c5 src/ASF/common/services/clock/sam4e/sysclk.o
 .debug_macro   0x0000dc32      0x1c5 src/ASF/common/services/clock/sam4e/sysclk.o
 .debug_macro   0x0000ddf7      0x135 src/ASF/common/services/clock/sam4e/sysclk.o
 .debug_macro   0x0000df2c       0xac src/ASF/common/services/clock/sam4e/sysclk.o
 .debug_macro   0x0000dfd8       0xac src/ASF/common/services/clock/sam4e/sysclk.o
 .debug_macro   0x0000e084       0x94 src/ASF/common/services/clock/sam4e/sysclk.o
 .debug_macro   0x0000e118       0x94 src/ASF/common/services/clock/sam4e/sysclk.o
 .debug_macro   0x0000e1ac       0xdc src/ASF/common/services/clock/sam4e/sysclk.o
 .debug_macro   0x0000e288       0xdc src/ASF/common/services/clock/sam4e/sysclk.o
 .debug_macro   0x0000e364       0x7c src/ASF/common/services/clock/sam4e/sysclk.o
 .debug_macro   0x0000e3e0       0x40 src/ASF/common/services/clock/sam4e/sysclk.o
 .debug_macro   0x0000e420       0xee src/ASF/common/services/clock/sam4e/sysclk.o
 .debug_macro   0x0000e50e       0x46 src/ASF/common/services/clock/sam4e/sysclk.o
 .debug_macro   0x0000e554       0x58 src/ASF/common/services/clock/sam4e/sysclk.o
 .debug_macro   0x0000e5ac       0xa6 src/ASF/common/services/clock/sam4e/sysclk.o
 .debug_macro   0x0000e652       0x82 src/ASF/common/services/clock/sam4e/sysclk.o
 .debug_macro   0x0000e6d4       0x16 src/ASF/common/services/clock/sam4e/sysclk.o
 .debug_macro   0x0000e6ea       0x22 src/ASF/common/services/clock/sam4e/sysclk.o
 .debug_macro   0x0000e70c      0x19d src/ASF/common/services/clock/sam4e/sysclk.o
 .debug_macro   0x0000e8a9      0x16d src/ASF/common/services/clock/sam4e/sysclk.o
 .debug_macro   0x0000ea16      0x16d src/ASF/common/services/clock/sam4e/sysclk.o
 .debug_macro   0x0000eb83      0x16d src/ASF/common/services/clock/sam4e/sysclk.o
 .debug_macro   0x0000ecf0      0x16d src/ASF/common/services/clock/sam4e/sysclk.o
 .debug_macro   0x0000ee5d       0x1c src/ASF/common/services/clock/sam4e/sysclk.o
 .debug_macro   0x0000ee79       0x2e src/ASF/common/services/clock/sam4e/sysclk.o
 .debug_macro   0x0000eea7       0x22 src/ASF/common/services/clock/sam4e/sysclk.o
 .debug_macro   0x0000eec9       0x1c src/ASF/common/services/clock/sam4e/sysclk.o
 .debug_macro   0x0000eee5       0x52 src/ASF/common/services/clock/sam4e/sysclk.o
 .debug_macro   0x0000ef37       0x10 src/ASF/common/services/clock/sam4e/sysclk.o
 .debug_macro   0x0000ef47       0x1c src/ASF/common/services/clock/sam4e/sysclk.o
 .debug_macro   0x0000ef63      0x2b2 src/ASF/common/services/clock/sam4e/sysclk.o
 .debug_macro   0x0000f215      0xc8d src/ASF/common/services/clock/sam4e/sysclk.o
 .debug_macro   0x0000fea2      0x10e src/ASF/common/services/clock/sam4e/sysclk.o
 .debug_macro   0x0000ffb0       0x52 src/ASF/common/services/clock/sam4e/sysclk.o
 .debug_macro   0x00010002       0x35 src/ASF/common/services/clock/sam4e/sysclk.o
 .debug_macro   0x00010037       0x9c src/ASF/common/services/clock/sam4e/sysclk.o
 .debug_macro   0x000100d3       0x16 src/ASF/common/services/clock/sam4e/sysclk.o
 .debug_macro   0x000100e9       0x35 src/ASF/common/services/clock/sam4e/sysclk.o
 .debug_macro   0x0001011e      0x330 src/ASF/common/services/clock/sam4e/sysclk.o
 .debug_macro   0x0001044e       0x10 src/ASF/common/services/clock/sam4e/sysclk.o
 .debug_macro   0x0001045e       0x52 src/ASF/common/services/clock/sam4e/sysclk.o
 .debug_macro   0x000104b0       0x1f src/ASF/common/services/clock/sam4e/sysclk.o
 .debug_macro   0x000104cf       0x43 src/ASF/common/services/clock/sam4e/sysclk.o
 .debug_macro   0x00010512       0x20 src/ASF/common/services/clock/sam4e/sysclk.o
 .debug_macro   0x00010532      0x187 src/ASF/common/services/clock/sam4e/sysclk.o
 .debug_macro   0x000106b9       0x10 src/ASF/common/services/clock/sam4e/sysclk.o
 .debug_macro   0x000106c9       0x1c src/ASF/common/services/clock/sam4e/sysclk.o
 .debug_macro   0x000106e5       0x52 src/ASF/common/services/clock/sam4e/sysclk.o
 .debug_macro   0x00010737       0x40 src/ASF/common/services/clock/sam4e/sysclk.o
 .debug_macro   0x00010777       0x10 src/ASF/common/services/clock/sam4e/sysclk.o
 .debug_macro   0x00010787       0x40 src/ASF/common/services/clock/sam4e/sysclk.o
 .debug_macro   0x000107c7       0xd7 src/ASF/common/services/clock/sam4e/sysclk.o
 .debug_macro   0x0001089e       0x16 src/ASF/common/services/clock/sam4e/sysclk.o
 .debug_macro   0x000108b4      0x18b src/ASF/common/services/clock/sam4e/sysclk.o
 .debug_macro   0x00010a3f       0x22 src/ASF/common/services/clock/sam4e/sysclk.o
 .debug_macro   0x00010a61       0x16 src/ASF/common/services/clock/sam4e/sysclk.o
 .debug_macro   0x00010a77       0x16 src/ASF/common/services/clock/sam4e/sysclk.o
 .debug_macro   0x00010a8d       0x29 src/ASF/common/services/clock/sam4e/sysclk.o
 .debug_macro   0x00010ab6       0x75 src/ASF/common/services/clock/sam4e/sysclk.o
 .debug_macro   0x00010b2b       0x3f src/ASF/common/services/clock/sam4e/sysclk.o
 .debug_macro   0x00010b6a      0x3ca src/ASF/common/services/clock/sam4e/sysclk.o
 .debug_macro   0x00010f34      0x2c0 src/ASF/common/services/clock/sam4e/sysclk.o
 .debug_macro   0x000111f4      0x949 src/ASF/common/services/clock/sam4e/sysclk.o
 .debug_macro   0x00011b3d       0x58 src/ASF/common/services/clock/sam4e/sysclk.o
 .debug_macro   0x00011b95       0x64 src/ASF/common/services/clock/sam4e/sysclk.o
 .debug_macro   0x00011bf9       0x40 src/ASF/common/services/clock/sam4e/sysclk.o
 .debug_macro   0x00011c39       0x82 src/ASF/common/services/clock/sam4e/sysclk.o
 .debug_macro   0x00011cbb      0x588 src/ASF/common/utils/interrupt/interrupt_sam_nvic.o
 .debug_macro   0x00012243      0x588 src/ASF/common/utils/stdio/read.o
 .debug_macro   0x000127cb      0x588 src/ASF/common/utils/stdio/write.o
 .debug_macro   0x00012d53      0x640 src/ASF/sam/boards/sam4e_xplained_pro/init.o
 .debug_macro   0x00013393       0x16 src/ASF/sam/boards/sam4e_xplained_pro/init.o
 .debug_macro   0x000133a9       0x82 src/ASF/sam/boards/sam4e_xplained_pro/init.o
 .debug_macro   0x0001342b      0x5a3 src/ASF/sam/drivers/dacc/dacc.o
 .debug_macro   0x000139ce       0x10 src/ASF/sam/drivers/dacc/dacc.o
 .debug_macro   0x000139de      0x5a0 src/ASF/sam/drivers/dmac/dmac.o
 .debug_macro   0x00013f7e      0x5bb src/ASF/sam/drivers/ebi/smc/smc.o
 .debug_macro   0x00014539      0x59d src/ASF/sam/drivers/pio/pio.o
 .debug_macro   0x00014ad6       0x8e src/ASF/sam/drivers/pio/pio.o
 .debug_macro   0x00014b64      0x5a7 src/ASF/sam/drivers/pio/pio_handler.o
 .debug_macro   0x0001510b      0x59d src/ASF/sam/drivers/pmc/pmc.o
 .debug_macro   0x000156a8       0x52 src/ASF/sam/drivers/pmc/pmc.o
 .debug_macro   0x000156fa      0x59e src/ASF/sam/drivers/rstc/rstc.o
 .debug_macro   0x00015c98       0x35 src/ASF/sam/drivers/rstc/rstc.o
 .debug_macro   0x00015ccd      0x597 src/ASF/sam/drivers/uart/uart.o
 .debug_macro   0x00016264       0x16 src/ASF/sam/drivers/uart/uart.o
 .debug_macro   0x0001627a      0x5cd src/ASF/sam/drivers/usart/usart.o
 .debug_macro   0x00016847       0x28 src/ASF/sam/drivers/usart/usart.o
 .debug_macro   0x0001686f      0x38f src/ASF/sam/utils/cmsis/sam4e/source/templates/exceptions.o
 .debug_macro   0x00016bfe      0x5a1 src/ASF/sam/utils/cmsis/sam4e/source/templates/gcc/startup_sam4e.o
 .debug_macro   0x0001719f       0x10 src/ASF/sam/utils/cmsis/sam4e/source/templates/gcc/startup_sam4e.o
 .debug_macro   0x000171af      0x39d src/ASF/sam/utils/cmsis/sam4e/source/templates/system_sam4e.o
 .debug_macro   0x0001754c      0x1d6 src/ASF/sam/utils/syscalls/gcc/syscalls.o
 .debug_macro   0x00017722       0x4c src/ASF/sam/utils/syscalls/gcc/syscalls.o
 .debug_macro   0x0001776e       0x8d src/ASF/sam/utils/syscalls/gcc/syscalls.o
 .debug_macro   0x000177fb       0x57 src/ASF/sam/utils/syscalls/gcc/syscalls.o
 .debug_macro   0x00017852       0x97 src/ASF/sam/utils/syscalls/gcc/syscalls.o
 .debug_macro   0x000178e9       0xf6 src/ASF/sam/utils/syscalls/gcc/syscalls.o
 .debug_macro   0x000179df       0x4c src/ASF/sam/utils/syscalls/gcc/syscalls.o
 .debug_macro   0x00017a2b       0x16 src/ASF/sam/utils/syscalls/gcc/syscalls.o
 .debug_macro   0x00017a41       0x10 src/ASF/sam/utils/syscalls/gcc/syscalls.o
 .debug_macro   0x00017a51       0x10 src/ASF/sam/utils/syscalls/gcc/syscalls.o
 .debug_macro   0x00017a61       0x35 src/ASF/sam/utils/syscalls/gcc/syscalls.o
 .debug_macro   0x00017a96      0x122 src/ASF/sam/utils/syscalls/gcc/syscalls.o
 .debug_macro   0x00017bb8      0x766 src/sampler.o
 .debug_macro   0x0001831e       0x16 src/sampler.o
 .debug_macro   0x00018334       0x11 src/sampler.o
 .debug_macro   0x00018345       0x94 src/sampler.o
 .debug_macro   0x000183d9       0x40 src/sampler.o
 .debug_macro   0x00018419       0x3b src/sampler.o
 .debug_macro   0x00018454       0x16 src/sampler.o
 .debug_macro   0x0001846a       0x1c src/sampler.o
 .debug_macro   0x00018486       0x16 src/sampler.o
 .debug_macro   0x0001849c       0x16 src/sampler.o
 .debug_macro   0x000184b2      0x513 src/sampler.o

.debug_line     0x00000000     0xc825
 .debug_line    0x00000000      0xaa2 src/ASF/common/services/clock/sam4e/sysclk.o
 .debug_line    0x00000aa2      0x924 src/ASF/common/utils/interrupt/interrupt_sam_nvic.o
 .debug_line    0x000013c6      0x90a src/ASF/common/utils/stdio/read.o
 .debug_line    0x00001cd0      0x902 src/ASF/common/utils/stdio/write.o
 .debug_line    0x000025d2      0xcca src/ASF/sam/boards/sam4e_xplained_pro/init.o
 .debug_line    0x0000329c      0xa68 src/ASF/sam/drivers/dacc/dacc.o
 .debug_line    0x00003d04      0xb54 src/ASF/sam/drivers/dmac/dmac.o
 .debug_line    0x00004858      0x9d6 src/ASF/sam/drivers/ebi/smc/smc.o
 .debug_line    0x0000522e      0xdb9 src/ASF/sam/drivers/pio/pio.o
 .debug_line    0x00005fe7      0x9f6 src/ASF/sam/drivers/pio/pio_handler.o
 .debug_line    0x000069dd      0xe14 src/ASF/sam/drivers/pmc/pmc.o
 .debug_line    0x000077f1      0x98f src/ASF/sam/drivers/rstc/rstc.o
 .debug_line    0x00008180      0xabd src/ASF/sam/drivers/uart/uart.o
 .debug_line    0x00008c3d      0xe86 src/ASF/sam/drivers/usart/usart.o
 .debug_line    0x00009ac3      0x686 src/ASF/sam/utils/cmsis/sam4e/source/templates/exceptions.o
 .debug_line    0x0000a149      0x994 src/ASF/sam/utils/cmsis/sam4e/source/templates/gcc/startup_sam4e.o
 .debug_line    0x0000aadd      0x709 src/ASF/sam/utils/cmsis/sam4e/source/templates/system_sam4e.o
 .debug_line    0x0000b1e6      0x40b src/ASF/sam/utils/syscalls/gcc/syscalls.o
 .debug_line    0x0000b5f1     0x1234 src/sampler.o

.debug_str      0x00000000    0x63451
 .debug_str     0x00000000    0x5d5d1 src/ASF/common/services/clock/sam4e/sysclk.o
                              0x5dadd (size before relaxing)
 .debug_str     0x0005d5d1       0x94 src/ASF/common/utils/interrupt/interrupt_sam_nvic.o
                              0x5920e (size before relaxing)
 .debug_str     0x0005d665       0x3f src/ASF/common/utils/stdio/read.o
                              0x591b7 (size before relaxing)
 .debug_str     0x0005d6a4       0x2e src/ASF/common/utils/stdio/write.o
                              0x591b8 (size before relaxing)
 .debug_str     0x0005d6d2      0x99b src/ASF/sam/boards/sam4e_xplained_pro/init.o
                              0x5e16d (size before relaxing)
 .debug_str     0x0005e06d      0x411 src/ASF/sam/drivers/dacc/dacc.o
                              0x595c8 (size before relaxing)
 .debug_str     0x0005e47e      0x53d src/ASF/sam/drivers/dmac/dmac.o
                              0x596e9 (size before relaxing)
 .debug_str     0x0005e9bb      0x188 src/ASF/sam/drivers/ebi/smc/smc.o
                              0x5cf17 (size before relaxing)
 .debug_str     0x0005eb43      0x8cb src/ASF/sam/drivers/pio/pio.o
                              0x59de8 (size before relaxing)
 .debug_str     0x0005f40e      0x458 src/ASF/sam/drivers/pio/pio_handler.o
                              0x59d85 (size before relaxing)
 .debug_str     0x0005f866      0x563 src/ASF/sam/drivers/pmc/pmc.o
                              0x59ba8 (size before relaxing)
 .debug_str     0x0005fdc9      0x266 src/ASF/sam/drivers/rstc/rstc.o
                              0x593de (size before relaxing)
 .debug_str     0x0006002f      0x354 src/ASF/sam/drivers/uart/uart.o
                              0x59585 (size before relaxing)
 .debug_str     0x00060383      0x945 src/ASF/sam/drivers/usart/usart.o
                              0x59bac (size before relaxing)
 .debug_str     0x00060cc8       0x4d src/ASF/sam/utils/cmsis/sam4e/source/templates/exceptions.o
                              0x49a5b (size before relaxing)
 .debug_str     0x00060d15      0x56d src/ASF/sam/utils/cmsis/sam4e/source/templates/gcc/startup_sam4e.o
                              0x597c5 (size before relaxing)
 .debug_str     0x00061282      0x17b src/ASF/sam/utils/cmsis/sam4e/source/templates/system_sam4e.o
                              0x49d25 (size before relaxing)
 .debug_str     0x000613fd      0x778 src/ASF/sam/utils/syscalls/gcc/syscalls.o
                               0x72e4 (size before relaxing)
 .debug_str     0x00061b75     0x18dc src/sampler.o
                              0x608ca (size before relaxing)

.debug_frame    0x00000000     0x2438
 .debug_frame   0x00000000       0x88 src/ASF/common/services/clock/sam4e/sysclk.o
 .debug_frame   0x00000088       0x30 src/ASF/common/utils/interrupt/interrupt_sam_nvic.o
 .debug_frame   0x000000b8       0x30 src/ASF/common/utils/stdio/read.o
 .debug_frame   0x000000e8       0x48 src/ASF/common/utils/stdio/write.o
 .debug_frame   0x00000130       0x30 src/ASF/sam/boards/sam4e_xplained_pro/init.o
 .debug_frame   0x00000160      0x150 src/ASF/sam/drivers/dacc/dacc.o
 .debug_frame   0x000002b0      0x238 src/ASF/sam/drivers/dmac/dmac.o
 .debug_frame   0x000004e8       0x80 src/ASF/sam/drivers/ebi/smc/smc.o
 .debug_frame   0x00000568      0x384 src/ASF/sam/drivers/pio/pio.o
 .debug_frame   0x000008ec      0x124 src/ASF/sam/drivers/pio/pio_handler.o
 .debug_frame   0x00000a10      0x39c src/ASF/sam/drivers/pmc/pmc.o
 .debug_frame   0x00000dac       0xa0 src/ASF/sam/drivers/rstc/rstc.o
 .debug_frame   0x00000e4c      0x1bc src/ASF/sam/drivers/uart/uart.o
 .debug_frame   0x00001008      0x48c src/ASF/sam/drivers/usart/usart.o
 .debug_frame   0x00001494       0x20 src/ASF/sam/utils/cmsis/sam4e/source/templates/exceptions.o
 .debug_frame   0x000014b4       0x28 src/ASF/sam/utils/cmsis/sam4e/source/templates/gcc/startup_sam4e.o
 .debug_frame   0x000014dc       0x40 src/ASF/sam/utils/cmsis/sam4e/source/templates/system_sam4e.o
 .debug_frame   0x0000151c       0xa0 src/ASF/sam/utils/syscalls/gcc/syscalls.o
 .debug_frame   0x000015bc      0x164 src/sampler.o
 .debug_frame   0x00001720       0x30 c:/program files (x86)/atmel/studio/7.0/toolchain/arm/arm-gnu-toolchain/bin/../lib/gcc/arm-none-eabi/6.2.1/../../../../arm-none-eabi/lib/thumb/v7e-m\libc.a(lib_a-atoi.o)
 .debug_frame   0x00001750       0x2c c:/program files (x86)/atmel/studio/7.0/toolchain/arm/arm-gnu-toolchain/bin/../lib/gcc/arm-none-eabi/6.2.1/../../../../arm-none-eabi/lib/thumb/v7e-m\libc.a(lib_a-init.o)
 .debug_frame   0x0000177c       0x74 c:/program files (x86)/atmel/studio/7.0/toolchain/arm/arm-gnu-toolchain/bin/../lib/gcc/arm-none-eabi/6.2.1/../../../../arm-none-eabi/lib/thumb/v7e-m\libc.a(lib_a-iprintf.o)
 .debug_frame   0x000017f0       0x34 c:/program files (x86)/atmel/studio/7.0/toolchain/arm/arm-gnu-toolchain/bin/../lib/gcc/arm-none-eabi/6.2.1/../../../../arm-none-eabi/lib/thumb/v7e-m\libc.a(lib_a-memset.o)
 .debug_frame   0x00001824       0x20 c:/program files (x86)/atmel/studio/7.0/toolchain/arm/arm-gnu-toolchain/bin/../lib/gcc/arm-none-eabi/6.2.1/../../../../arm-none-eabi/lib/thumb/v7e-m\libc.a(lib_a-setbuf.o)
 .debug_frame   0x00001844       0x50 c:/program files (x86)/atmel/studio/7.0/toolchain/arm/arm-gnu-toolchain/bin/../lib/gcc/arm-none-eabi/6.2.1/../../../../arm-none-eabi/lib/thumb/v7e-m\libc.a(lib_a-setvbuf.o)
 .debug_frame   0x00001894       0x98 c:/program files (x86)/atmel/studio/7.0/toolchain/arm/arm-gnu-toolchain/bin/../lib/gcc/arm-none-eabi/6.2.1/../../../../arm-none-eabi/lib/thumb/v7e-m\libc.a(lib_a-strtol.o)
 .debug_frame   0x0000192c       0xc4 c:/program files (x86)/atmel/studio/7.0/toolchain/arm/arm-gnu-toolchain/bin/../lib/gcc/arm-none-eabi/6.2.1/../../../../arm-none-eabi/lib/thumb/v7e-m\libc.a(lib_a-vfiprintf.o)
 .debug_frame   0x000019f0       0x2c c:/program files (x86)/atmel/studio/7.0/toolchain/arm/arm-gnu-toolchain/bin/../lib/gcc/arm-none-eabi/6.2.1/../../../../arm-none-eabi/lib/thumb/v7e-m\libc.a(lib_a-wsetup.o)
 .debug_frame   0x00001a1c       0x50 c:/program files (x86)/atmel/studio/7.0/toolchain/arm/arm-gnu-toolchain/bin/../lib/gcc/arm-none-eabi/6.2.1/../../../../arm-none-eabi/lib/thumb/v7e-m\libc.a(lib_a-__call_atexit.o)
 .debug_frame   0x00001a6c       0x20 c:/program files (x86)/atmel/studio/7.0/toolchain/arm/arm-gnu-toolchain/bin/../lib/gcc/arm-none-eabi/6.2.1/../../../../arm-none-eabi/lib/thumb/v7e-m\libc.a(lib_a-atexit.o)
 .debug_frame   0x00001a8c       0x6c c:/program files (x86)/atmel/studio/7.0/toolchain/arm/arm-gnu-toolchain/bin/../lib/gcc/arm-none-eabi/6.2.1/../../../../arm-none-eabi/lib/thumb/v7e-m\libc.a(lib_a-fflush.o)
 .debug_frame   0x00001af8      0x124 c:/program files (x86)/atmel/studio/7.0/toolchain/arm/arm-gnu-toolchain/bin/../lib/gcc/arm-none-eabi/6.2.1/../../../../arm-none-eabi/lib/thumb/v7e-m\libc.a(lib_a-findfp.o)
 .debug_frame   0x00001c1c       0x34 c:/program files (x86)/atmel/studio/7.0/toolchain/arm/arm-gnu-toolchain/bin/../lib/gcc/arm-none-eabi/6.2.1/../../../../arm-none-eabi/lib/thumb/v7e-m\libc.a(lib_a-fini.o)
 .debug_frame   0x00001c50       0x8c c:/program files (x86)/atmel/studio/7.0/toolchain/arm/arm-gnu-toolchain/bin/../lib/gcc/arm-none-eabi/6.2.1/../../../../arm-none-eabi/lib/thumb/v7e-m\libc.a(lib_a-fputwc.o)
 .debug_frame   0x00001cdc       0x74 c:/program files (x86)/atmel/studio/7.0/toolchain/arm/arm-gnu-toolchain/bin/../lib/gcc/arm-none-eabi/6.2.1/../../../../arm-none-eabi/lib/thumb/v7e-m\libc.a(lib_a-freer.o)
 .debug_frame   0x00001d50       0x68 c:/program files (x86)/atmel/studio/7.0/toolchain/arm/arm-gnu-toolchain/bin/../lib/gcc/arm-none-eabi/6.2.1/../../../../arm-none-eabi/lib/thumb/v7e-m\libc.a(lib_a-fvwrite.o)
 .debug_frame   0x00001db8       0x54 c:/program files (x86)/atmel/studio/7.0/toolchain/arm/arm-gnu-toolchain/bin/../lib/gcc/arm-none-eabi/6.2.1/../../../../arm-none-eabi/lib/thumb/v7e-m\libc.a(lib_a-fwalk.o)
 .debug_frame   0x00001e0c       0x6c c:/program files (x86)/atmel/studio/7.0/toolchain/arm/arm-gnu-toolchain/bin/../lib/gcc/arm-none-eabi/6.2.1/../../../../arm-none-eabi/lib/thumb/v7e-m\libc.a(lib_a-locale.o)
 .debug_frame   0x00001e78       0x68 c:/program files (x86)/atmel/studio/7.0/toolchain/arm/arm-gnu-toolchain/bin/../lib/gcc/arm-none-eabi/6.2.1/../../../../arm-none-eabi/lib/thumb/v7e-m\libc.a(lib_a-makebuf.o)
 .debug_frame   0x00001ee0       0x30 c:/program files (x86)/atmel/studio/7.0/toolchain/arm/arm-gnu-toolchain/bin/../lib/gcc/arm-none-eabi/6.2.1/../../../../arm-none-eabi/lib/thumb/v7e-m\libc.a(lib_a-malloc.o)
 .debug_frame   0x00001f10       0x58 c:/program files (x86)/atmel/studio/7.0/toolchain/arm/arm-gnu-toolchain/bin/../lib/gcc/arm-none-eabi/6.2.1/../../../../arm-none-eabi/lib/thumb/v7e-m\libc.a(lib_a-mallocr.o)
 .debug_frame   0x00001f68       0x4c c:/program files (x86)/atmel/studio/7.0/toolchain/arm/arm-gnu-toolchain/bin/../lib/gcc/arm-none-eabi/6.2.1/../../../../arm-none-eabi/lib/thumb/v7e-m\libc.a(lib_a-mbtowc_r.o)
 .debug_frame   0x00001fb4       0x30 c:/program files (x86)/atmel/studio/7.0/toolchain/arm/arm-gnu-toolchain/bin/../lib/gcc/arm-none-eabi/6.2.1/../../../../arm-none-eabi/lib/thumb/v7e-m\libc.a(lib_a-memmove.o)
 .debug_frame   0x00001fe4       0x30 c:/program files (x86)/atmel/studio/7.0/toolchain/arm/arm-gnu-toolchain/bin/../lib/gcc/arm-none-eabi/6.2.1/../../../../arm-none-eabi/lib/thumb/v7e-m\libc.a(lib_a-mlock.o)
 .debug_frame   0x00002014       0x68 c:/program files (x86)/atmel/studio/7.0/toolchain/arm/arm-gnu-toolchain/bin/../lib/gcc/arm-none-eabi/6.2.1/../../../../arm-none-eabi/lib/thumb/v7e-m\libc.a(lib_a-reallocr.o)
 .debug_frame   0x0000207c       0x2c c:/program files (x86)/atmel/studio/7.0/toolchain/arm/arm-gnu-toolchain/bin/../lib/gcc/arm-none-eabi/6.2.1/../../../../arm-none-eabi/lib/thumb/v7e-m\libc.a(lib_a-sbrkr.o)
 .debug_frame   0x000020a8       0x88 c:/program files (x86)/atmel/studio/7.0/toolchain/arm/arm-gnu-toolchain/bin/../lib/gcc/arm-none-eabi/6.2.1/../../../../arm-none-eabi/lib/thumb/v7e-m\libc.a(lib_a-stdio.o)
 .debug_frame   0x00002130       0x40 c:/program files (x86)/atmel/studio/7.0/toolchain/arm/arm-gnu-toolchain/bin/../lib/gcc/arm-none-eabi/6.2.1/../../../../arm-none-eabi/lib/thumb/v7e-m\libc.a(lib_a-wbuf.o)
 .debug_frame   0x00002170       0x5c c:/program files (x86)/atmel/studio/7.0/toolchain/arm/arm-gnu-toolchain/bin/../lib/gcc/arm-none-eabi/6.2.1/../../../../arm-none-eabi/lib/thumb/v7e-m\libc.a(lib_a-wcrtomb.o)
 .debug_frame   0x000021cc       0x3c c:/program files (x86)/atmel/studio/7.0/toolchain/arm/arm-gnu-toolchain/bin/../lib/gcc/arm-none-eabi/6.2.1/../../../../arm-none-eabi/lib/thumb/v7e-m\libc.a(lib_a-wctomb_r.o)
 .debug_frame   0x00002208       0x2c c:/program files (x86)/atmel/studio/7.0/toolchain/arm/arm-gnu-toolchain/bin/../lib/gcc/arm-none-eabi/6.2.1/../../../../arm-none-eabi/lib/thumb/v7e-m\libc.a(lib_a-writer.o)
 .debug_frame   0x00002234       0x34 c:/program files (x86)/atmel/studio/7.0/toolchain/arm/arm-gnu-toolchain/bin/../lib/gcc/arm-none-eabi/6.2.1/../../../../arm-none-eabi/lib/thumb/v7e-m\libc.a(lib_a-__atexit.o)
 .debug_frame   0x00002268       0x2c c:/program files (x86)/atmel/studio/7.0/toolchain/arm/arm-gnu-toolchain/bin/../lib/gcc/arm-none-eabi/6.2.1/../../../../arm-none-eabi/lib/thumb/v7e-m\libc.a(lib_a-closer.o)